Archive member included to satisfy reference by file (symbol)

/usr/lib/gcc/arm-none-eabi/4.9.3/../../../arm-none-eabi/lib/armv7-m/libm.a(lib_a-s_sin.o)
                              build/obj/main.o (sin)
/usr/lib/gcc/arm-none-eabi/4.9.3/../../../arm-none-eabi/lib/armv7-m/libm.a(lib_a-w_atan2.o)
                              build/obj/lines.o (atan2)
/usr/lib/gcc/arm-none-eabi/4.9.3/../../../arm-none-eabi/lib/armv7-m/libm.a(lib_a-e_atan2.o)
                              /usr/lib/gcc/arm-none-eabi/4.9.3/../../../arm-none-eabi/lib/armv7-m/libm.a(lib_a-w_atan2.o) (__ieee754_atan2)
/usr/lib/gcc/arm-none-eabi/4.9.3/../../../arm-none-eabi/lib/armv7-m/libm.a(lib_a-e_rem_pio2.o)
                              /usr/lib/gcc/arm-none-eabi/4.9.3/../../../arm-none-eabi/lib/armv7-m/libm.a(lib_a-s_sin.o) (__ieee754_rem_pio2)
/usr/lib/gcc/arm-none-eabi/4.9.3/../../../arm-none-eabi/lib/armv7-m/libm.a(lib_a-k_cos.o)
                              /usr/lib/gcc/arm-none-eabi/4.9.3/../../../arm-none-eabi/lib/armv7-m/libm.a(lib_a-s_sin.o) (__kernel_cos)
/usr/lib/gcc/arm-none-eabi/4.9.3/../../../arm-none-eabi/lib/armv7-m/libm.a(lib_a-k_rem_pio2.o)
                              /usr/lib/gcc/arm-none-eabi/4.9.3/../../../arm-none-eabi/lib/armv7-m/libm.a(lib_a-e_rem_pio2.o) (__kernel_rem_pio2)
/usr/lib/gcc/arm-none-eabi/4.9.3/../../../arm-none-eabi/lib/armv7-m/libm.a(lib_a-k_sin.o)
                              /usr/lib/gcc/arm-none-eabi/4.9.3/../../../arm-none-eabi/lib/armv7-m/libm.a(lib_a-s_sin.o) (__kernel_sin)
/usr/lib/gcc/arm-none-eabi/4.9.3/../../../arm-none-eabi/lib/armv7-m/libm.a(lib_a-s_atan.o)
                              /usr/lib/gcc/arm-none-eabi/4.9.3/../../../arm-none-eabi/lib/armv7-m/libm.a(lib_a-e_atan2.o) (atan)
/usr/lib/gcc/arm-none-eabi/4.9.3/../../../arm-none-eabi/lib/armv7-m/libm.a(lib_a-s_fabs.o)
                              /usr/lib/gcc/arm-none-eabi/4.9.3/../../../arm-none-eabi/lib/armv7-m/libm.a(lib_a-e_atan2.o) (fabs)
/usr/lib/gcc/arm-none-eabi/4.9.3/../../../arm-none-eabi/lib/armv7-m/libm.a(lib_a-s_floor.o)
                              /usr/lib/gcc/arm-none-eabi/4.9.3/../../../arm-none-eabi/lib/armv7-m/libm.a(lib_a-k_rem_pio2.o) (floor)
/usr/lib/gcc/arm-none-eabi/4.9.3/../../../arm-none-eabi/lib/armv7-m/libm.a(lib_a-s_scalbn.o)
                              /usr/lib/gcc/arm-none-eabi/4.9.3/../../../arm-none-eabi/lib/armv7-m/libm.a(lib_a-k_rem_pio2.o) (scalbn)
/usr/lib/gcc/arm-none-eabi/4.9.3/../../../arm-none-eabi/lib/armv7-m/libm.a(lib_a-s_copysign.o)
                              /usr/lib/gcc/arm-none-eabi/4.9.3/../../../arm-none-eabi/lib/armv7-m/libm.a(lib_a-s_scalbn.o) (copysign)
/usr/lib/gcc/arm-none-eabi/4.9.3/armv7-m/libgcc.a(_arm_addsubdf3.o)
                              /usr/lib/gcc/arm-none-eabi/4.9.3/../../../arm-none-eabi/lib/armv7-m/libm.a(lib_a-s_sin.o) (__aeabi_dsub)
/usr/lib/gcc/arm-none-eabi/4.9.3/armv7-m/libgcc.a(_arm_muldivdf3.o)
                              build/obj/lines.o (__aeabi_dmul)
/usr/lib/gcc/arm-none-eabi/4.9.3/armv7-m/libgcc.a(_arm_cmpdf2.o)
                              /usr/lib/gcc/arm-none-eabi/4.9.3/../../../arm-none-eabi/lib/armv7-m/libm.a(lib_a-e_rem_pio2.o) (__aeabi_dcmpeq)
/usr/lib/gcc/arm-none-eabi/4.9.3/armv7-m/libgcc.a(_arm_fixdfsi.o)
                              build/obj/lines.o (__aeabi_d2iz)
/usr/lib/gcc/arm-none-eabi/4.9.3/../../../arm-none-eabi/lib/armv7-m/libg.a(lib_a-memcpy.o)
                              build/obj/hal_buffers.o (memcpy)

Discarded input sections

 .data          0x00000000        0x0 build/obj/crt0_v7m.o
 .bss           0x00000000        0x0 build/obj/crt0_v7m.o
 .data          0x00000000        0x0 build/obj/chcoreasm_v7m.o
 .bss           0x00000000        0x0 build/obj/chcoreasm_v7m.o
 .text          0x00000000        0x0 build/obj/crt1.o
 .data          0x00000000        0x0 build/obj/crt1.o
 .bss           0x00000000        0x0 build/obj/crt1.o
 .text.__early_init
                0x00000000       0x10 build/obj/crt1.o
 .text          0x00000000        0x0 build/obj/vectors.o
 .data          0x00000000        0x0 build/obj/vectors.o
 .bss           0x00000000        0x0 build/obj/vectors.o
 .text          0x00000000        0x0 build/obj/chsys.o
 .data          0x00000000        0x0 build/obj/chsys.o
 .bss           0x00000000        0x0 build/obj/chsys.o
 .text.chSysIntegrityCheckI
                0x00000000       0xc0 build/obj/chsys.o
 .text.chSysGetStatusAndLockX
                0x00000000       0x20 build/obj/chsys.o
 .text.chSysRestoreStatusX
                0x00000000       0x20 build/obj/chsys.o
 .text.chSysIsCounterWithinX
                0x00000000       0x10 build/obj/chsys.o
 .text.chSysPolledDelayX
                0x00000000       0x20 build/obj/chsys.o
 .text          0x00000000        0x0 build/obj/chdebug.o
 .data          0x00000000        0x0 build/obj/chdebug.o
 .bss           0x00000000        0x0 build/obj/chdebug.o
 .debug_info    0x00000000      0x643 build/obj/chdebug.o
[...]
Memory Configuration

Name             Origin             Length             Attributes
flash            0x08000000         0x00040000
ram0             0x20000000         0x00014000
ram1             0x20000000         0x00010000
ram2             0x20010000         0x00004000
ram3             0x00000000         0x00000000
ram4             0x10000000         0x00010000
ram5             0x40024000         0x00001000
ram6             0x00000000         0x00000000
ram7             0x00000000         0x00000000
*default*        0x00000000         0xffffffff

Linker script and memory map

LOAD build/obj/crt0_v7m.o
LOAD build/obj/chcoreasm_v7m.o
LOAD build/obj/crt1.o
LOAD build/obj/vectors.o
LOAD build/obj/chsys.o
LOAD build/obj/chdebug.o
LOAD build/obj/chvt.o
LOAD build/obj/chschd.o
LOAD build/obj/chthreads.o
LOAD build/obj/chtm.o
LOAD build/obj/chdynamic.o
LOAD build/obj/chregistry.o
LOAD build/obj/chsem.o
LOAD build/obj/chmtx.o
LOAD build/obj/chcond.o
LOAD build/obj/chevents.o
LOAD build/obj/chmsg.o
LOAD build/obj/chmboxes.o
LOAD build/obj/chqueues.o
LOAD build/obj/chmemcore.o
LOAD build/obj/chheap.o
LOAD build/obj/chmempools.o
LOAD build/obj/chcore.o
LOAD build/obj/chcore_v7m.o
LOAD build/obj/osal.o
LOAD build/obj/hal.o
LOAD build/obj/st.o
LOAD build/obj/hal_buffers.o
LOAD build/obj/hal_queues.o
LOAD build/obj/hal_mmcsd.o
LOAD build/obj/adc.o
LOAD build/obj/i2c.o
LOAD build/obj/icu.o
LOAD build/obj/pal.o
LOAD build/obj/pwm.o
LOAD build/obj/serial.o
LOAD build/obj/nvic.o
LOAD build/obj/hal_lld.o
LOAD build/obj/stm32_dma.o
LOAD build/obj/st_lld.o
LOAD build/obj/adc_lld.o
LOAD build/obj/pal_lld.o
LOAD build/obj/i2c_lld.o
LOAD build/obj/icu_lld.o
LOAD build/obj/pwm_lld.o
LOAD build/obj/serial_lld.o
LOAD build/obj/board.o
LOAD build/obj/test.o
LOAD build/obj/testthd.o
LOAD build/obj/testsem.o
LOAD build/obj/testmtx.o
LOAD build/obj/testmsg.o
LOAD build/obj/testmbox.o
LOAD build/obj/testevt.o
LOAD build/obj/testheap.o
LOAD build/obj/testpools.o
LOAD build/obj/testdyn.o
LOAD build/obj/testqueues.o
LOAD build/obj/testsys.o
LOAD build/obj/testbmk.o
LOAD build/obj/chprintf.o
LOAD build/obj/memstreams.o
LOAD build/obj/config.o
LOAD build/obj/motor.o
LOAD build/obj/compass.o
LOAD build/obj/lines.o
LOAD build/obj/camera.o
LOAD build/obj/kicker.o
LOAD build/obj/main.o
                0x20000000                __ram0_start__ = ORIGIN (ram0)
                0x00014000                __ram0_size__ = 0x14000
                0x20014000                __ram0_end__ = (__ram0_start__ + __ram0_size__)
                0x20000000                __ram1_start__ = ORIGIN (ram1)
                0x00010000                __ram1_size__ = 0x10000
                0x20010000                __ram1_end__ = (__ram1_start__ + __ram1_size__)
                0x20010000                __ram2_start__ = ORIGIN (ram2)
                0x00004000                __ram2_size__ = 0x4000
                0x20014000                __ram2_end__ = (__ram2_start__ + __ram2_size__)
                0x00000000                __ram3_start__ = ORIGIN (ram3)
                0x00000000                __ram3_size__ = 0x0
                0x00000000                __ram3_end__ = (__ram3_start__ + __ram3_size__)
                0x10000000                __ram4_start__ = ORIGIN (ram4)
                0x00010000                __ram4_size__ = 0x10000
                0x10010000                __ram4_end__ = (__ram4_start__ + __ram4_size__)
                0x40024000                __ram5_start__ = ORIGIN (ram5)
                0x00001000                __ram5_size__ = 0x1000
                0x40025000                __ram5_end__ = (__ram5_start__ + __ram5_size__)
                0x00000000                __ram6_start__ = ORIGIN (ram6)
                0x00000000                __ram6_size__ = 0x0
                0x00000000                __ram6_end__ = (__ram6_start__ + __ram6_size__)
                0x00000000                __ram7_start__ = ORIGIN (ram7)
                0x00000000                __ram7_size__ = 0x0
                0x00000000                __ram7_end__ = (__ram7_start__ + __ram7_size__)
                0x00000000                . = 0x0
                0x00000000                _text = .

startup         0x08000000      0x200
 *(.vectors)
 .vectors       0x08000000      0x200 build/obj/vectors.o
                0x08000000                _vectors

constructors    0x08000200        0x0
                0x08000200                __init_array_start = .
 *(SORT(.init_array.*))
 *(.init_array)
                0x08000200                __init_array_end = .

destructors     0x08000200        0x0
                0x08000200                __fini_array_start = .
 *(.fini_array)
 *(SORT(.fini_array.*))
                0x08000200                __fini_array_end = .

.text           0x08000200     0x5a90
 *(.text)
 .text          0x08000200       0xc4 build/obj/crt0_v7m.o
                0x08000200                Reset_Handler
 *fill*         0x080002c4        0xc 
 .text          0x080002d0       0x28 build/obj/chcoreasm_v7m.o
                0x080002d0                _port_switch
                0x080002e0                _port_thread_start
                0x080002f0                _port_switch_from_isr
                0x080002f4                _port_exit_from_isr
 *fill*         0x080002f8        0x8 
 .text          0x08000300      0x370 /usr/lib/gcc/arm-none-eabi/4.9.3/armv7-m/libgcc.a(_arm_addsubdf3.o)
                0x08000300                __aeabi_drsub
                0x08000308                __aeabi_dsub
                0x08000308                __subdf3
                0x0800030c                __adddf3
                0x0800030c                __aeabi_dadd
                0x08000584                __aeabi_ui2d
                0x08000584                __floatunsidf
                0x080005a4                __floatsidf
                0x080005a4                __aeabi_i2d
                0x080005c8                __extendsfdf2
                0x080005c8                __aeabi_f2d
                0x08000604                __aeabi_ul2d
                0x08000604                __floatundidf
                0x08000614                __floatdidf
                0x08000614                __aeabi_l2d
 .text          0x08000670      0x424 /usr/lib/gcc/arm-none-eabi/4.9.3/armv7-m/libgcc.a(_arm_muldivdf3.o)
                0x08000670                __aeabi_dmul
                0x08000670                __muldf3
                0x080008c4                __aeabi_ddiv
                0x080008c4                __divdf3
 *fill*         0x08000a94        0xc 
 .text          0x08000aa0      0x110 /usr/lib/gcc/arm-none-eabi/4.9.3/armv7-m/libgcc.a(_arm_cmpdf2.o)
                0x08000aa0                __gtdf2
                0x08000aa0                __gedf2
                0x08000aa8                __ltdf2
                0x08000aa8                __ledf2
                0x08000ab0                __cmpdf2
                0x08000ab0                __eqdf2
                0x08000ab0                __nedf2
                0x08000b2c                __aeabi_cdrcmple
                0x08000b3c                __aeabi_cdcmple
                0x08000b3c                __aeabi_cdcmpeq
                0x08000b4c                __aeabi_dcmpeq
                0x08000b60                __aeabi_dcmplt
                0x08000b74                __aeabi_dcmple
                0x08000b88                __aeabi_dcmpge
                0x08000b9c                __aeabi_dcmpgt
 .text          0x08000bb0       0x50 /usr/lib/gcc/arm-none-eabi/4.9.3/armv7-m/libgcc.a(_arm_fixdfsi.o)
                0x08000bb0                __fixdfsi
                0x08000bb0                __aeabi_d2iz
 *(.text.*)
 .text.__core_init
                0x08000c00       0x10 build/obj/crt1.o
                0x08000c00                __core_init
 .text.__late_init
                0x08000c10       0x10 build/obj/crt1.o
                0x08000c10                __late_init
 .text.__default_exit
                0x08000c20       0x10 build/obj/crt1.o
                0x08000c20                __default_exit
 .text.__init_ram_areas
                0x08000c30       0x50 build/obj/crt1.o
                0x08000c30                __init_ram_areas
 .text._unhandled_exception
                0x08000c80       0x10 build/obj/vectors.o
                0x08000c80                Vector58
                0x08000c80                VectorE8
                0x08000c80                Vector9C
                0x08000c80                DebugMon_Handler
                0x08000c80                Vector1A0
                0x08000c80                Vector5C
                0x08000c80                Vector11C
                0x08000c80                HardFault_Handler
                0x08000c80                Vector1B8
                0x08000c80                Vector19C
                0x08000c80                Vector8C
                0x08000c80                PendSV_Handler
                0x08000c80                Vector168
                0x08000c80                NMI_Handler
                0x08000c80                VectorC8
                0x08000c80                Vector94
                0x08000c80                VectorA8
                0x08000c80                VectorB4
                0x08000c80                Vector160
                0x08000c80                Vector1B0
                0x08000c80                UsageFault_Handler
                0x08000c80                VectorEC
                0x08000c80                Vector40
                0x08000c80                VectorF8
                0x08000c80                Vector108
                0x08000c80                Vector190
                0x08000c80                Vector148
                0x08000c80                Vector188
                0x08000c80                Vector198
                0x08000c80                Vector118
                0x08000c80                Vector64
                0x08000c80                VectorCC
                0x08000c80                Vector54
                0x08000c80                Vector98
                0x08000c80                Vector138
                0x08000c80                Vector24
                0x08000c80                Vector1AC
                0x08000c80                Vector178
                0x08000c80                Vector1A4
                0x08000c80                VectorD0
                0x08000c80                Vector1B4
                0x08000c80                Vector140
                0x08000c80                VectorE4
                0x08000c80                Vector134
                0x08000c80                VectorF0
                0x08000c80                Vector13C
                0x08000c80                Vector100
                0x08000c80                VectorE0
                0x08000c80                VectorF4
                0x08000c80                MemManage_Handler
                0x08000c80                VectorA0
                0x08000c80                VectorC4
                0x08000c80                Vector180
                0x08000c80                Vector90
                0x08000c80                Vector114
                0x08000c80                Vector164
                0x08000c80                Vector60
                0x08000c80                Vector1C
                0x08000c80                Vector1BC
                0x08000c80                Vector17C
                0x08000c80                Vector48
                0x08000c80                Vector1A8
                0x08000c80                Vector16C
                0x08000c80                Vector4C
                0x08000c80                Vector144
                0x08000c80                Vector68
                0x08000c80                _unhandled_exception
                0x08000c80                Vector170
                0x08000c80                Vector104
                0x08000c80                Vector184
                0x08000c80                Vector10C
                0x08000c80                Vector14C
                0x08000c80                BusFault_Handler
                0x08000c80                Vector50
                0x08000c80                Vector194
                0x08000c80                Vector44
                0x08000c80                Vector28
                0x08000c80                Vector34
                0x08000c80                Vector20
                0x08000c80                Vector18C
                0x08000c80                Vector174
 .text._idle_thread
                0x08000c90       0x10 build/obj/chsys.o
 .text.chSysInit
                0x08000ca0       0xa0 build/obj/chsys.o
                0x08000ca0                chSysInit
 .text.chSysHalt
                0x08000d40       0x10 build/obj/chsys.o
                0x08000d40                chSysHalt
 .text.chSysTimerHandlerI
                0x08000d50       0x50 build/obj/chsys.o
                0x08000d50                chSysTimerHandlerI
 .text._vt_init
                0x08000da0       0x20 build/obj/chvt.o
                0x08000da0                _vt_init
 .text.chVTDoSetI
                0x08000dc0       0x40 build/obj/chvt.o
                0x08000dc0                chVTDoSetI
 .text.chVTDoResetI
                0x08000e00       0x30 build/obj/chvt.o
                0x08000e00                chVTDoResetI
 .text.wakeup   0x08000e30       0x70 build/obj/chschd.o
 .text._scheduler_init
                0x08000ea0       0x20 build/obj/chschd.o
                0x08000ea0                _scheduler_init
 .text.chSchReadyI
                0x08000ec0       0x30 build/obj/chschd.o
                0x08000ec0                chSchReadyI
 .text.chSchGoSleepS
                0x08000ef0       0x30 build/obj/chschd.o
                0x08000ef0                chSchGoSleepS
 .text.chSchGoSleepTimeoutS
                0x08000f20       0x50 build/obj/chschd.o
                0x08000f20                chSchGoSleepTimeoutS
 .text.chSchWakeupS
                0x08000f70       0x60 build/obj/chschd.o
                0x08000f70                chSchWakeupS
 .text.chSchIsPreemptionRequired
                0x08000fd0       0x30 build/obj/chschd.o
                0x08000fd0                chSchIsPreemptionRequired
 .text.chSchDoRescheduleBehind
                0x08001000       0x50 build/obj/chschd.o
                0x08001000                chSchDoRescheduleBehind
 .text.chSchDoRescheduleAhead
                0x08001050       0x40 build/obj/chschd.o
                0x08001050                chSchDoRescheduleAhead
 .text.chSchDoReschedule
                0x08001090       0x20 build/obj/chschd.o
                0x08001090                chSchDoReschedule
 .text._thread_init
                0x080010b0       0x50 build/obj/chthreads.o
                0x080010b0                _thread_init
 .text.chThdCreateStatic
                0x08001100       0x90 build/obj/chthreads.o
                0x08001100                chThdCreateStatic
 .text.chThdSleep
                0x08001190       0x20 build/obj/chthreads.o
                0x08001190                chThdSleep
 .text.chThdExitS
                0x080011b0       0x40 build/obj/chthreads.o
                0x080011b0                chThdExitS
 .text.chThdExit
                0x080011f0       0x10 build/obj/chthreads.o
                0x080011f0                chThdExit
 .text.chThdResumeI
                0x08001200       0x20 build/obj/chthreads.o
                0x08001200                chThdResumeI
 .text.chThdEnqueueTimeoutS
                0x08001220       0x30 build/obj/chthreads.o
                0x08001220                chThdEnqueueTimeoutS
 .text.chThdDequeueNextI
                0x08001250       0x20 build/obj/chthreads.o
                0x08001250                chThdDequeueNextI
 .text.chTMStartMeasurementX
                0x08001270       0x10 build/obj/chtm.o
                0x08001270                chTMStartMeasurementX
 .text.chTMStopMeasurementX
                0x08001280       0x50 build/obj/chtm.o
                0x08001280                chTMStopMeasurementX
 .text._tm_init
                0x080012d0       0x40 build/obj/chtm.o
                0x080012d0                _tm_init
 .text.chMtxObjectInit
                0x08001310       0x10 build/obj/chmtx.o
                0x08001310                chMtxObjectInit
 .text.chEvtSignalI
                0x08001320       0x30 build/obj/chevents.o
                0x08001320                chEvtSignalI
 .text.chEvtBroadcastFlagsI
                0x08001350       0x30 build/obj/chevents.o
                0x08001350                chEvtBroadcastFlagsI
 .text.chMsgSend
                0x08001380       0x40 build/obj/chmsg.o
                0x08001380                chMsgSend
 .text.chMsgWait
                0x080013c0       0x40 build/obj/chmsg.o
                0x080013c0                chMsgWait
 .text.chMsgRelease
                0x08001400       0x20 build/obj/chmsg.o
                0x08001400                chMsgRelease
 .text.chIQObjectInit
                0x08001420       0x20 build/obj/chqueues.o
                0x08001420                chIQObjectInit
 .text.chIQPutI
                0x08001440       0x40 build/obj/chqueues.o
                0x08001440                chIQPutI
 .text.chIQGetTimeout
                0x08001480       0x50 build/obj/chqueues.o
                0x08001480                chIQGetTimeout
 .text.chIQReadTimeout
                0x080014d0       0x80 build/obj/chqueues.o
                0x080014d0                chIQReadTimeout
 .text.chOQObjectInit
                0x08001550       0x20 build/obj/chqueues.o
                0x08001550                chOQObjectInit
 .text.chOQPutTimeout
                0x08001570       0x60 build/obj/chqueues.o
                0x08001570                chOQPutTimeout
 .text.chOQGetI
                0x080015d0       0x40 build/obj/chqueues.o
                0x080015d0                chOQGetI
 .text.chOQWriteTimeout
                0x08001610       0x80 build/obj/chqueues.o
                0x08001610                chOQWriteTimeout
 .text._core_init
                0x08001690       0x30 build/obj/chmemcore.o
                0x08001690                _core_init
 .text.chCoreAlloc
                0x080016c0       0x40 build/obj/chmemcore.o
                0x080016c0                chCoreAlloc
 .text._heap_init
                0x08001700       0x20 build/obj/chheap.o
                0x08001700                _heap_init
 .text.SVC_Handler
                0x08001720       0x20 build/obj/chcore_v7m.o
                0x08001720                SVC_Handler
 .text._port_irq_epilogue
                0x08001740       0x50 build/obj/chcore_v7m.o
                0x08001740                _port_irq_epilogue
 .text.halInit  0x08001790       0x30 build/obj/hal.o
                0x08001790                halInit
 .text.stInit   0x080017c0       0x10 build/obj/st.o
                0x080017c0                stInit
 .text.adcInit  0x080017d0       0x10 build/obj/adc.o
                0x080017d0                adcInit
 .text.adcObjectInit
                0x080017e0       0x20 build/obj/adc.o
                0x080017e0                adcObjectInit
 .text.adcStart
                0x08001800       0x20 build/obj/adc.o
                0x08001800                adcStart
 .text.i2cInit  0x08001820       0x10 build/obj/i2c.o
                0x08001820                i2cInit
 .text.i2cObjectInit
                0x08001830       0x10 build/obj/i2c.o
                0x08001830                i2cObjectInit
 .text.i2cStart
                0x08001840       0x20 build/obj/i2c.o
                0x08001840                i2cStart
 .text.icuInit  0x08001860       0x10 build/obj/icu.o
                0x08001860                icuInit
 .text.icuObjectInit
                0x08001870       0x10 build/obj/icu.o
                0x08001870                icuObjectInit
 .text.pwmInit  0x08001880       0x10 build/obj/pwm.o
                0x08001880                pwmInit
 .text.pwmObjectInit
                0x08001890       0x10 build/obj/pwm.o
                0x08001890                pwmObjectInit
 .text.readt    0x080018a0       0x10 build/obj/serial.o
 .text.read     0x080018b0       0x10 build/obj/serial.o
 .text.writet   0x080018c0       0x10 build/obj/serial.o
 .text.write    0x080018d0       0x10 build/obj/serial.o
 .text.gett     0x080018e0       0x10 build/obj/serial.o
 .text.get      0x080018f0       0x10 build/obj/serial.o
 .text.putt     0x08001900       0x10 build/obj/serial.o
 .text.put      0x08001910       0x10 build/obj/serial.o
 .text.sdInit   0x08001920       0x10 build/obj/serial.o
                0x08001920                sdInit
 .text.sdObjectInit
                0x08001930       0x40 build/obj/serial.o
                0x08001930                sdObjectInit
 .text.sdStart  0x08001970       0x20 build/obj/serial.o
                0x08001970                sdStart
 .text.sdIncomingDataI
                0x08001990       0x40 build/obj/serial.o
                0x08001990                sdIncomingDataI
 .text.nvicEnableVector
                0x080019d0       0x40 build/obj/nvic.o
                0x080019d0                nvicEnableVector
 .text.nvicSetSystemHandlerPriority
                0x08001a10       0x10 build/obj/nvic.o
                0x08001a10                nvicSetSystemHandlerPriority
 .text.hal_lld_init
                0x08001a20       0x70 build/obj/hal_lld.o
                0x08001a20                hal_lld_init
 .text.stm32_clock_init
                0x08001a90       0xc0 build/obj/hal_lld.o
                0x08001a90                stm32_clock_init
 .text.Vector6C
                0x08001b50       0x30 build/obj/stm32_dma.o
                0x08001b50                Vector6C
 .text.Vector70
                0x08001b80       0x30 build/obj/stm32_dma.o
                0x08001b80                Vector70
 .text.Vector74
                0x08001bb0       0x30 build/obj/stm32_dma.o
                0x08001bb0                Vector74
 .text.Vector78
                0x08001be0       0x30 build/obj/stm32_dma.o
                0x08001be0                Vector78
 .text.Vector7C
                0x08001c10       0x30 build/obj/stm32_dma.o
                0x08001c10                Vector7C
 .text.Vector80
                0x08001c40       0x30 build/obj/stm32_dma.o
                0x08001c40                Vector80
 .text.Vector84
                0x08001c70       0x30 build/obj/stm32_dma.o
                0x08001c70                Vector84
 .text.VectorFC
                0x08001ca0       0x30 build/obj/stm32_dma.o
                0x08001ca0                VectorFC
 .text.Vector120
                0x08001cd0       0x30 build/obj/stm32_dma.o
                0x08001cd0                Vector120
 .text.Vector124
                0x08001d00       0x30 build/obj/stm32_dma.o
                0x08001d00                Vector124
 .text.Vector128
                0x08001d30       0x30 build/obj/stm32_dma.o
                0x08001d30                Vector128
 .text.Vector12C
                0x08001d60       0x30 build/obj/stm32_dma.o
                0x08001d60                Vector12C
 .text.Vector130
                0x08001d90       0x30 build/obj/stm32_dma.o
                0x08001d90                Vector130
 .text.Vector150
                0x08001dc0       0x30 build/obj/stm32_dma.o
                0x08001dc0                Vector150
 .text.Vector154
                0x08001df0       0x30 build/obj/stm32_dma.o
                0x08001df0                Vector154
 .text.Vector158
                0x08001e20       0x30 build/obj/stm32_dma.o
                0x08001e20                Vector158
 .text.dmaInit  0x08001e50       0x50 build/obj/stm32_dma.o
                0x08001e50                dmaInit
 .text.dmaStreamAllocate
                0x08001ea0       0x90 build/obj/stm32_dma.o
                0x08001ea0                dmaStreamAllocate
 .text.SysTick_Handler
                0x08001f30       0x20 build/obj/st_lld.o
                0x08001f30                SysTick_Handler
 .text.st_lld_init
                0x08001f50       0x20 build/obj/st_lld.o
                0x08001f50                st_lld_init
 .text.adc_lld_init
                0x08001f70       0x40 build/obj/adc_lld.o
                0x08001f70                adc_lld_init
 .text.adc_lld_start
                0x08001fb0       0x70 build/obj/adc_lld.o
                0x08001fb0                adc_lld_start
 .text.adc_lld_stop_conversion
                0x08002020       0x30 build/obj/adc_lld.o
                0x08002020                adc_lld_stop_conversion
 .text.Vector88
                0x08002050       0x70 build/obj/adc_lld.o
                0x08002050                Vector88
 .text.adc_lld_serve_rx_interrupt
                0x080020c0       0xe0 build/obj/adc_lld.o
 .text._pal_lld_init
                0x080021a0      0x1c0 build/obj/pal_lld.o
                0x080021a0                _pal_lld_init
 .text._pal_lld_setgroupmode
                0x08002360       0xe0 build/obj/pal_lld.o
                0x08002360                _pal_lld_setgroupmode
 .text.i2c_lld_serve_tx_end_irq
                0x08002440       0x40 build/obj/i2c_lld.o
 .text.i2c_lld_serve_rx_end_irq
                0x08002480       0x70 build/obj/i2c_lld.o
 .text.VectorBC
                0x080024f0      0x100 build/obj/i2c_lld.o
                0x080024f0                VectorBC
 .text.VectorC0
                0x080025f0       0xe0 build/obj/i2c_lld.o
                0x080025f0                VectorC0
 .text.i2c_lld_init
                0x080026d0       0x30 build/obj/i2c_lld.o
                0x080026d0                i2c_lld_init
 .text.i2c_lld_start
                0x08002700      0x170 build/obj/i2c_lld.o
                0x08002700                i2c_lld_start
 .text.icu_lld_init
                0x08002870       0x30 build/obj/icu_lld.o
                0x08002870                icu_lld_init
 .text.icu_lld_serve_interrupt
                0x080028a0       0x90 build/obj/icu_lld.o
                0x080028a0                icu_lld_serve_interrupt
 .text.VectorA4
                0x08002930       0x20 build/obj/icu_lld.o
                0x08002930                VectorA4
 .text.VectorAC
                0x08002950       0x20 build/obj/icu_lld.o
                0x08002950                VectorAC
 .text.VectorB0
                0x08002970       0x20 build/obj/icu_lld.o
                0x08002970                VectorB0
 .text.pwm_lld_init
                0x08002990       0x20 build/obj/pwm_lld.o
                0x08002990                pwm_lld_init
 .text.pwm_lld_serve_interrupt
                0x080029b0       0x60 build/obj/pwm_lld.o
                0x080029b0                pwm_lld_serve_interrupt
 .text.VectorB8
                0x08002a10       0x20 build/obj/pwm_lld.o
                0x08002a10                VectorB8
 .text.notify1  0x08002a30       0x10 build/obj/serial_lld.o
 .text.notify2  0x08002a40       0x10 build/obj/serial_lld.o
 .text.notify3  0x08002a50       0x10 build/obj/serial_lld.o
 .text.notify4  0x08002a60       0x10 build/obj/serial_lld.o
 .text.notify6  0x08002a70       0x10 build/obj/serial_lld.o
 .text.serve_interrupt
                0x08002a80      0x120 build/obj/serial_lld.o
 .text.VectorD4
                0x08002ba0       0x20 build/obj/serial_lld.o
                0x08002ba0                VectorD4
 .text.VectorD8
                0x08002bc0       0x20 build/obj/serial_lld.o
                0x08002bc0                VectorD8
 .text.VectorDC
                0x08002be0       0x20 build/obj/serial_lld.o
                0x08002be0                VectorDC
 .text.Vector110
                0x08002c00       0x20 build/obj/serial_lld.o
                0x08002c00                Vector110
 .text.Vector15C
                0x08002c20       0x20 build/obj/serial_lld.o
                0x08002c20                Vector15C
 .text.sd_lld_init
                0x08002c40       0x90 build/obj/serial_lld.o
                0x08002c40                sd_lld_init
 .text.sd_lld_start
                0x08002cd0      0x110 build/obj/serial_lld.o
                0x08002cd0                sd_lld_start
 .text.__early_init
                0x08002de0       0x10 build/obj/board.o
                0x08002de0                __early_init
 .text.boardInit
                0x08002df0       0x10 build/obj/board.o
                0x08002df0                boardInit
 .text.set_pins
                0x08002e00      0x230 build/obj/config.o
                0x08002e00                set_pins
 .text.init_drivers
                0x08003030       0x90 build/obj/config.o
                0x08003030                init_drivers
 .text.board_init
                0x080030c0       0x10 build/obj/config.o
                0x080030c0                board_init
 .text.motor_speed_to_char
                0x080030d0       0x40 build/obj/motor.o
                0x080030d0                motor_speed_to_char
 .text.set_motors_speeds
                0x08003110       0x90 build/obj/motor.o
                0x08003110                set_motors_speeds
 .text.MotorThread
                0x080031a0       0x70 build/obj/motor.o
                0x080031a0                MotorThread
 .text.change_motors_speeds
                0x08003210       0x30 build/obj/motor.o
                0x08003210                change_motors_speeds
 .text.motors_init
                0x08003240       0x60 build/obj/motor.o
                0x08003240                motors_init
 .text.CompassReadThread
                0x080032a0       0x60 build/obj/compass.o
                0x080032a0                CompassReadThread
 .text.CompassProcessThread
                0x08003300       0x30 build/obj/compass.o
                0x08003300                CompassProcessThread
 .text.compass_init
                0x08003330       0x70 build/obj/compass.o
                0x08003330                compass_init
 .text.LineWritingThread
                0x080033a0       0x70 build/obj/lines.o
                0x080033a0                LineWritingThread
 .text.LineReadingThread
                0x08003410       0x80 build/obj/lines.o
                0x08003410                LineReadingThread
 .text.determine_avoiding_direction
                0x08003490      0x150 build/obj/lines.o
                0x08003490                determine_avoiding_direction
 .text.LineWorkingThread
                0x080035e0       0x50 build/obj/lines.o
                0x080035e0                LineWorkingThread
 .text.check_line
                0x08003630       0x20 build/obj/lines.o
                0x08003630                check_line
 .text.lines_init
                0x08003650       0x90 build/obj/lines.o
                0x08003650                lines_init
 .text.CameraProcessThread
                0x080036e0       0x60 build/obj/camera.o
                0x080036e0                CameraProcessThread
 .text.get_camera_values
                0x08003740       0x10 build/obj/camera.o
                0x08003740                get_camera_values
 .text.get_goal_degree
                0x08003750       0x10 build/obj/camera.o
                0x08003750                get_goal_degree
 .text.get_goal_distance
                0x08003760       0x10 build/obj/camera.o
                0x08003760                get_goal_distance
 .text.get_ball_degree
                0x08003770       0x10 build/obj/camera.o
                0x08003770                get_ball_degree
 .text.get_ball_distance
                0x08003780       0x10 build/obj/camera.o
                0x08003780                get_ball_distance
 .text.get_start
                0x08003790       0x10 build/obj/camera.o
                0x08003790                get_start
 .text.get_shooting_event
                0x080037a0       0x10 build/obj/camera.o
                0x080037a0                get_shooting_event
 .text.process_value
                0x080037b0       0x80 build/obj/camera.o
                0x080037b0                process_value
 .text.CameraReadThread
                0x08003830       0xc0 build/obj/camera.o
                0x08003830                CameraReadThread
 .text.camera_init
                0x080038f0       0x50 build/obj/camera.o
                0x080038f0                camera_init
 .text.kicker_is_ready
                0x08003940       0x10 build/obj/kicker.o
                0x08003940                kicker_is_ready
 .text.i_have_ball
                0x08003950       0x10 build/obj/kicker.o
                0x08003950                i_have_ball
 .text.kick     0x08003960       0x20 build/obj/kicker.o
                0x08003960                kick
 .text.robot_power
                0x08003980       0x60 build/obj/main.o
                0x08003980                robot_power
 .text.set_align_speed
                0x080039e0       0x60 build/obj/main.o
                0x080039e0                set_align_speed
 .text.set_movement
                0x08003a40      0x120 build/obj/main.o
                0x08003a40                set_movement
 .text.correct_motors_speeds
                0x08003b60      0x170 build/obj/main.o
                0x08003b60                correct_motors_speeds
 .text.line     0x08003cd0       0x40 build/obj/main.o
                0x08003cd0                line
 .text.startup.main
                0x08003d10      0x200 build/obj/main.o
                0x08003d10                main
 .text.sin      0x08003f10       0x94 /usr/lib/gcc/arm-none-eabi/4.9.3/../../../arm-none-eabi/lib/armv7-m/libm.a(lib_a-s_sin.o)
                0x08003f10                sin
 *fill*         0x08003fa4        0xc 
 .text.atan2    0x08003fb0        0x4 /usr/lib/gcc/arm-none-eabi/4.9.3/../../../arm-none-eabi/lib/armv7-m/libm.a(lib_a-w_atan2.o)
                0x08003fb0                atan2
 *fill*         0x08003fb4        0xc 
 .text.__ieee754_atan2
                0x08003fc0      0x1f0 /usr/lib/gcc/arm-none-eabi/4.9.3/../../../arm-none-eabi/lib/armv7-m/libm.a(lib_a-e_atan2.o)
                0x08003fc0                __ieee754_atan2
 .text.__ieee754_rem_pio2
                0x080041b0      0x440 /usr/lib/gcc/arm-none-eabi/4.9.3/../../../arm-none-eabi/lib/armv7-m/libm.a(lib_a-e_rem_pio2.o)
                0x080041b0                __ieee754_rem_pio2
 .text.__kernel_cos
                0x080045f0      0x248 /usr/lib/gcc/arm-none-eabi/4.9.3/../../../arm-none-eabi/lib/armv7-m/libm.a(lib_a-k_cos.o)
                0x080045f0                __kernel_cos
 *fill*         0x08004838        0x8 
 .text.__kernel_rem_pio2
                0x08004840      0x7bc /usr/lib/gcc/arm-none-eabi/4.9.3/../../../arm-none-eabi/lib/armv7-m/libm.a(lib_a-k_rem_pio2.o)
                0x08004840                __kernel_rem_pio2
 *fill*         0x08004ffc        0x4 
 .text.__kernel_sin
                0x08005000      0x170 /usr/lib/gcc/arm-none-eabi/4.9.3/../../../arm-none-eabi/lib/armv7-m/libm.a(lib_a-k_sin.o)
                0x08005000                __kernel_sin
 .text.atan     0x08005170      0x350 /usr/lib/gcc/arm-none-eabi/4.9.3/../../../arm-none-eabi/lib/armv7-m/libm.a(lib_a-s_atan.o)
                0x08005170                atan
 .text.fabs     0x080054c0        0x8 /usr/lib/gcc/arm-none-eabi/4.9.3/../../../arm-none-eabi/lib/armv7-m/libm.a(lib_a-s_fabs.o)
                0x080054c0                fabs
 *fill*         0x080054c8        0x8 
 .text.floor    0x080054d0      0x120 /usr/lib/gcc/arm-none-eabi/4.9.3/../../../arm-none-eabi/lib/armv7-m/libm.a(lib_a-s_floor.o)
                0x080054d0                floor
 .text.scalbn   0x080055f0      0x100 /usr/lib/gcc/arm-none-eabi/4.9.3/../../../arm-none-eabi/lib/armv7-m/libm.a(lib_a-s_scalbn.o)
                0x080055f0                scalbn
 .text.copysign
                0x080056f0       0x14 /usr/lib/gcc/arm-none-eabi/4.9.3/../../../arm-none-eabi/lib/armv7-m/libm.a(lib_a-s_copysign.o)
                0x080056f0                copysign
 *(.rodata)
 *fill*         0x08005704        0xc 
 .rodata        0x08005710       0x10 build/obj/motor.o
 *(.rodata.*)
 .rodata.ram_areas
                0x08005720       0x80 build/obj/crt1.o
 .rodata.str1.4
                0x080057a0        0x5 build/obj/chsys.o
                                  0x8 (size before relaxing)
 *fill*         0x080057a5        0xb 
 .rodata.ch_debug
                0x080057b0       0x18 build/obj/chregistry.o
                0x080057b0                ch_debug
 *fill*         0x080057c8        0x8 
 .rodata.vmt    0x080057d0       0x20 build/obj/serial.o
 .rodata._stm32_dma_streams
                0x080057f0       0xc0 build/obj/stm32_dma.o
                0x080057f0                _stm32_dma_streams
 .rodata.str1.4
                0x080058b0        0xc build/obj/i2c_lld.o
 *fill*         0x080058bc        0x4 
 .rodata.default_config
                0x080058c0        0xc build/obj/serial_lld.o
 *fill*         0x080058cc        0x4 
 .rodata.pal_default_config
                0x080058d0       0xfc build/obj/board.o
                0x080058d0                pal_default_config
 *fill*         0x080059cc        0x4 
 .rodata.usart_4_cfg
                0x080059d0        0xc build/obj/config.o
 *fill*         0x080059dc        0x4 
 .rodata.compass_i2c_cfg
                0x080059e0        0xc build/obj/config.o
 *fill*         0x080059ec        0x4 
 .rodata.usart_6_cfg
                0x080059f0        0xc build/obj/config.o
 *fill*         0x080059fc        0x4 
 .rodata.usart_1_cfg
                0x08005a00        0xc build/obj/config.o
 *fill*         0x08005a0c        0x4 
 .rodata.usart_2_cfg
                0x08005a10        0xc build/obj/config.o
 *fill*         0x08005a1c        0x4 
 .rodata.usart_3_cfg
                0x08005a20        0xc build/obj/config.o
 *fill*         0x08005a2c        0x4 
 .rodata.dx     0x08005a30       0x20 build/obj/lines.o
 .rodata.dy     0x08005a50       0x20 build/obj/lines.o
 .rodata.npio2_hw
                0x08005a70       0x80 /usr/lib/gcc/arm-none-eabi/4.9.3/../../../arm-none-eabi/lib/armv7-m/libm.a(lib_a-e_rem_pio2.o)
 .rodata.two_over_pi
                0x08005af0      0x108 /usr/lib/gcc/arm-none-eabi/4.9.3/../../../arm-none-eabi/lib/armv7-m/libm.a(lib_a-e_rem_pio2.o)
 *fill*         0x08005bf8        0x8 
 .rodata.init_jk
                0x08005c00       0x10 /usr/lib/gcc/arm-none-eabi/4.9.3/../../../arm-none-eabi/lib/armv7-m/libm.a(lib_a-k_rem_pio2.o)
 .rodata.PIo2   0x08005c10       0x40 /usr/lib/gcc/arm-none-eabi/4.9.3/../../../arm-none-eabi/lib/armv7-m/libm.a(lib_a-k_rem_pio2.o)
 .rodata.atanlo
                0x08005c50       0x20 /usr/lib/gcc/arm-none-eabi/4.9.3/../../../arm-none-eabi/lib/armv7-m/libm.a(lib_a-s_atan.o)
 .rodata.atanhi
                0x08005c70       0x20 /usr/lib/gcc/arm-none-eabi/4.9.3/../../../arm-none-eabi/lib/armv7-m/libm.a(lib_a-s_atan.o)
 *(.glue_7t)
 .glue_7t       0x08005c90        0x0 linker stubs
 *(.glue_7)
 .glue_7        0x08005c90        0x0 linker stubs
 *(.gcc*)

.vfp11_veneer   0x08005c90        0x0
 .vfp11_veneer  0x08005c90        0x0 linker stubs

.v4_bx          0x08005c90        0x0
 .v4_bx         0x08005c90        0x0 linker stubs

.iplt           0x08005c90        0x0
 .iplt          0x08005c90        0x0 build/obj/crt0_v7m.o

.rel.dyn        0x08005c90        0x0
 .rel.iplt      0x08005c90        0x0 build/obj/crt0_v7m.o

.ARM.extab
 *(.ARM.extab* .gnu.linkonce.armextab.*)

.ARM.exidx      0x08005c90        0x0
                0x08005c90                __exidx_start = .
 *(.ARM.exidx* .gnu.linkonce.armexidx.*)
                0x08005c90                __exidx_end = .

.eh_frame_hdr
 *(.eh_frame_hdr)

.eh_frame
 *(.eh_frame)

.textalign      0x08005c90        0x0
                0x08005c90                . = ALIGN (0x8)
                0x08005c90                . = ALIGN (0x4)
                [!provide]                PROVIDE (_etext, .)

.mstack         0x20000000      0x400
                0x20000000                . = ALIGN (0x8)
                0x20000000                __main_stack_base__ = .
                0x20000400                . = (. + __main_stack_size__)
 *fill*         0x20000000      0x400 
                0x20000400                . = ALIGN (0x8)
                0x20000400                __main_stack_end__ = .

.pstack         0x20000400      0x400
                0x20000400                __process_stack_base__ = .
                0x20000400                __main_thread_stack_base__ = .
                0x20000800                . = (. + __process_stack_size__)
 *fill*         0x20000400      0x400 
                0x20000800                . = ALIGN (0x8)
                0x20000800                __process_stack_end__ = .
                0x20000800                __main_thread_stack_end__ = .

.data           0x20000800       0x1c load address 0x08005c90
                0x20000800                . = ALIGN (0x4)
                [!provide]                PROVIDE (_textdata, LOADADDR (.data))
                [!provide]                PROVIDE (_data, .)
                0x08005c90                _textdata_start = LOADADDR (.data)
                0x20000800                _data_start = .
 *(.data)
 *(.data.*)
 .data.actual_angle
                0x20000800        0x2 build/obj/compass.o
                0x20000800                actual_angle
 *fill*         0x20000802        0x2 
 .data.messages_buffer
                0x20000804        0xc build/obj/lines.o
                0x20000804                messages_buffer
 .data.goal_distance
                0x20000810        0x2 build/obj/main.o
                0x20000810                goal_distance
 .data.ball_distance
                0x20000812        0x2 build/obj/main.o
                0x20000812                ball_distance
 .data.using_align
                0x20000814        0x1 build/obj/main.o
                0x20000814                using_align
 *fill*         0x20000815        0x1 
 .data.goal_degree
                0x20000816        0x2 build/obj/main.o
                0x20000816                goal_degree
 .data.ball_degree
                0x20000818        0x2 build/obj/main.o
                0x20000818                ball_degree
 *(.ramtext)
                0x2000081c                . = ALIGN (0x4)
 *fill*         0x2000081a        0x2 
                [!provide]                PROVIDE (_edata, .)
                0x2000081c                _data_end = .

.igot.plt       0x2000081c        0x0 load address 0x08005cac
 .igot.plt      0x2000081c        0x0 build/obj/crt0_v7m.o

.bss            0x20000820     0x10c4 load address 0x08005cac
                0x20000820                . = ALIGN (0x4)
                0x20000820                _bss_start = .
 *(.bss)
 *(.bss.*)
 .bss.ch        0x20000820      0x150 build/obj/chschd.o
                0x20000820                ch
 .bss.endmem    0x20000970        0x4 build/obj/chmemcore.o
 .bss.nextmem   0x20000974        0x4 build/obj/chmemcore.o
 .bss.default_heap
                0x20000978       0x20 build/obj/chheap.o
 .bss.dma_isr_redir
                0x20000998       0x80 build/obj/stm32_dma.o
 .bss.dma_streams_mask
                0x20000a18        0x4 build/obj/stm32_dma.o
 .bss.ADCD1     0x20000a1c       0x34 build/obj/adc_lld.o
                0x20000a1c                ADCD1
 .bss.I2CD1     0x20000a50       0x38 build/obj/i2c_lld.o
                0x20000a50                I2CD1
 .bss.ICUD2     0x20000a88       0x18 build/obj/icu_lld.o
                0x20000a88                ICUD2
 .bss.ICUD1     0x20000aa0       0x18 build/obj/icu_lld.o
                0x20000aa0                ICUD1
 .bss.PWMD4     0x20000ab8       0x1c build/obj/pwm_lld.o
                0x20000ab8                PWMD4
 .bss.SD1       0x20000ad4       0x78 build/obj/serial_lld.o
                0x20000ad4                SD1
 .bss.SD2       0x20000b4c       0x78 build/obj/serial_lld.o
                0x20000b4c                SD2
 .bss.SD3       0x20000bc4       0x78 build/obj/serial_lld.o
                0x20000bc4                SD3
 .bss.SD4       0x20000c3c       0x78 build/obj/serial_lld.o
                0x20000c3c                SD4
 .bss.SD6       0x20000cb4       0x78 build/obj/serial_lld.o
                0x20000cb4                SD6
 *fill*         0x20000d2c        0x4 
 .bss.waMotorThread
                0x20000d30      0x148 build/obj/motor.o
                0x20000d30                waMotorThread
 .bss.writing_motors_speeds
                0x20000e78        0xc build/obj/motor.o
                0x20000e78                writing_motors_speeds
 .bss.motor_thread
                0x20000e84        0x4 build/obj/motor.o
                0x20000e84                motor_thread
 .bss.message   0x20000e88       0x1c build/obj/motor.o
                0x20000e88                message
 .bss.motor_speed_buff
                0x20000ea4        0x4 build/obj/motor.o
                0x20000ea4                motor_speed_buff
 .bss.compass_process_thread
                0x20000ea8        0x4 build/obj/compass.o
                0x20000ea8                compass_process_thread
 *fill*         0x20000eac        0x4 
 .bss.waCompassProcessThread
                0x20000eb0      0x148 build/obj/compass.o
                0x20000eb0                waCompassProcessThread
 .bss.attack_degree
                0x20000ff8        0x2 build/obj/compass.o
                0x20000ff8                attack_degree
 *fill*         0x20000ffa        0x6 
 .bss.waCompassReadThread
                0x20001000      0x148 build/obj/compass.o
                0x20001000                waCompassReadThread
 .bss.compass_read_thread
                0x20001148        0x4 build/obj/compass.o
                0x20001148                compass_read_thread
 *fill*         0x2000114c        0x4 
 .bss.waLineWritingThread
                0x20001150      0x148 build/obj/lines.o
                0x20001150                waLineWritingThread
 .bss.waLineReadingThread
                0x20001298      0x148 build/obj/lines.o
                0x20001298                waLineReadingThread
 .bss.readingp  0x200013e0        0x4 build/obj/lines.o
                0x200013e0                readingp
 .bss.round_values
                0x200013e4       0x40 build/obj/lines.o
                0x200013e4                round_values
 .bss.writingp  0x20001424        0x4 build/obj/lines.o
                0x20001424                writingp
 .bss.res_x     0x20001428        0x2 build/obj/lines.o
 .bss.result_degree
                0x2000142a        0x2 build/obj/lines.o
 .bss.res_y     0x2000142c        0x2 build/obj/lines.o
 .bss.i_see_line
                0x2000142e        0x2 build/obj/lines.o
 .bss.round_data_values
                0x20001430       0x80 build/obj/lines.o
 .bss.values    0x200014b0        0x4 build/obj/lines.o
                0x200014b0                values
 .bss.init_queue
                0x200014b4        0x1 build/obj/lines.o
                0x200014b4                init_queue
 *fill*         0x200014b5        0x3 
 .bss.workingp  0x200014b8        0x4 build/obj/lines.o
                0x200014b8                workingp
 *fill*         0x200014bc        0x4 
 .bss.waLineWorkingThread
                0x200014c0      0x148 build/obj/lines.o
                0x200014c0                waLineWorkingThread
 .bss.current_value
                0x20001608        0x1 build/obj/camera.o
                0x20001608                current_value
 *fill*         0x20001609        0x3 
 .bss.camera_actual_values
                0x2000160c        0xc build/obj/camera.o
                0x2000160c                camera_actual_values
 .bss.waCameraProcessThread
                0x20001618      0x148 build/obj/camera.o
                0x20001618                waCameraProcessThread
 .bss.camera_process_thread
                0x20001760        0x4 build/obj/camera.o
                0x20001760                camera_process_thread
 .bss.camera_read_thread
                0x20001764        0x4 build/obj/camera.o
                0x20001764                camera_read_thread
 .bss.waCameraReadThread
                0x20001768      0x148 build/obj/camera.o
                0x20001768                waCameraReadThread
 .bss.camera_values
                0x200018b0        0xc build/obj/camera.o
                0x200018b0                camera_values
 .bss.camera_read_values
                0x200018bc        0xc build/obj/camera.o
                0x200018bc                camera_read_values
 .bss.line_timer
                0x200018c8        0x2 build/obj/main.o
                0x200018c8                line_timer
 *fill*         0x200018ca        0x2 
 .bss.motors_speeds
                0x200018cc        0xc build/obj/main.o
                0x200018cc                motors_speeds
 .bss.old_azimuth
                0x200018d8        0x2 build/obj/main.o
                0x200018d8                old_azimuth
 .bss.old_line  0x200018da        0x2 build/obj/main.o
                0x200018da                old_line
 .bss.dribler_timer
                0x200018dc        0x2 build/obj/main.o
                0x200018dc                dribler_timer
 .bss.have_ball
                0x200018de        0x1 build/obj/main.o
                0x200018de                have_ball
 *fill*         0x200018df        0x1 
 .bss.driblers_speeds
                0x200018e0        0x4 build/obj/main.o
                0x200018e0                driblers_speeds
 *(COMMON)
                0x200018e4                . = ALIGN (0x4)
                0x200018e4                _bss_end = .
                [!provide]                PROVIDE (end, .)

.ram0_init      0x200018e4        0x0 load address 0x08005cac
                0x200018e4                . = ALIGN (0x4)
                0x08005cac                __ram0_init_text__ = LOADADDR (.ram0_init)
                0x200018e4                __ram0_init__ = .
 *(.ram0_init)
 *(.ram0_init.*)
                0x200018e4                . = ALIGN (0x4)

.ram0           0x200018e4        0x0 load address 0x08005cac
                0x200018e4                . = ALIGN (0x4)
                0x200018e4                __ram0_clear__ = .
 *(.ram0_clear)
 *(.ram0_clear.*)
                0x200018e4                . = ALIGN (0x4)
                0x200018e4                __ram0_noinit__ = .
 *(.ram0)
 *(.ram0.*)
                0x200018e4                . = ALIGN (0x4)
                0x200018e4                __ram0_free__ = .

.ram1_init      0x20000000        0x0 load address 0x08005cac
                0x20000000                . = ALIGN (0x4)
                0x08005cac                __ram1_init_text__ = LOADADDR (.ram1_init)
                0x20000000                __ram1_init__ = .
 *(.ram1_init)
 *(.ram1_init.*)
                0x20000000                . = ALIGN (0x4)

.ram1           0x20000000        0x0 load address 0x08005cac
                0x20000000                . = ALIGN (0x4)
                0x20000000                __ram1_clear__ = .
 *(.ram1_clear)
 *(.ram1_clear.*)
                0x20000000                . = ALIGN (0x4)
                0x20000000                __ram1_noinit__ = .
 *(.ram1)
 *(.ram1.*)
                0x20000000                . = ALIGN (0x4)
                0x20000000                __ram1_free__ = .

.ram2_init      0x20010000        0x0 load address 0x08005cac
                0x20010000                . = ALIGN (0x4)
                0x08005cac                __ram2_init_text__ = LOADADDR (.ram2_init)
                0x20010000                __ram2_init__ = .
 *(.ram2_init)
 *(.ram2_init.*)
                0x20010000                . = ALIGN (0x4)

.ram2           0x20010000        0x0 load address 0x08005cac
                0x20010000                . = ALIGN (0x4)
                0x20010000                __ram2_clear__ = .
 *(.ram2_clear)
 *(.ram2_clear.*)
                0x20010000                . = ALIGN (0x4)
                0x20010000                __ram2_noinit__ = .
 *(.ram2)
 *(.ram2.*)
                0x20010000                . = ALIGN (0x4)
                0x20010000                __ram2_free__ = .

.ram3_init      0x00000000        0x0 load address 0x08005cac
                0x00000000                . = ALIGN (0x4)
                0x08005cac                __ram3_init_text__ = LOADADDR (.ram3_init)
                0x00000000                __ram3_init__ = .
 *(.ram3_init)
 *(.ram3_init.*)
                0x00000000                . = ALIGN (0x4)

.ram3           0x00000000        0x0 load address 0x08005cac
                0x00000000                . = ALIGN (0x4)
                0x00000000                __ram3_clear__ = .
 *(.ram3_clear)
 *(.ram3_clear.*)
                0x00000000                . = ALIGN (0x4)
                0x00000000                __ram3_noinit__ = .
 *(.ram3)
 *(.ram3.*)
                0x00000000                . = ALIGN (0x4)
                0x00000000                __ram3_free__ = .

.ram4_init      0x10000000        0x0 load address 0x08005cac
                0x10000000                . = ALIGN (0x4)
                0x08005cac                __ram4_init_text__ = LOADADDR (.ram4_init)
                0x10000000                __ram4_init__ = .
 *(.ram4_init)
 *(.ram4_init.*)
                0x10000000                . = ALIGN (0x4)

.ram4           0x10000000        0x0 load address 0x08005cac
                0x10000000                . = ALIGN (0x4)
                0x10000000                __ram4_clear__ = .
 *(.ram4_clear)
 *(.ram4_clear.*)
                0x10000000                . = ALIGN (0x4)
                0x10000000                __ram4_noinit__ = .
 *(.ram4)
 *(.ram4.*)
                0x10000000                . = ALIGN (0x4)
                0x10000000                __ram4_free__ = .

.ram5_init      0x40024000        0x0 load address 0x08005cac
                0x40024000                . = ALIGN (0x4)
                0x08005cac                __ram5_init_text__ = LOADADDR (.ram5_init)
                0x40024000                __ram5_init__ = .
 *(.ram5_init)
 *(.ram5_init.*)
                0x40024000                . = ALIGN (0x4)

.ram5           0x40024000        0x0 load address 0x08005cac
                0x40024000                . = ALIGN (0x4)
                0x40024000                __ram5_clear__ = .
 *(.ram5_clear)
 *(.ram5_clear.*)
                0x40024000                . = ALIGN (0x4)
                0x40024000                __ram5_noinit__ = .
 *(.ram5)
 *(.ram5.*)
                0x40024000                . = ALIGN (0x4)
                0x40024000                __ram5_free__ = .

.ram6_init      0x00000000        0x0 load address 0x08005cac
                0x00000000                . = ALIGN (0x4)
                0x08005cac                __ram6_init_text__ = LOADADDR (.ram6_init)
                0x00000000                __ram6_init__ = .
 *(.ram6_init)
 *(.ram6_init.*)
                0x00000000                . = ALIGN (0x4)

.ram6           0x00000000        0x0 load address 0x08005cac
                0x00000000                . = ALIGN (0x4)
                0x00000000                __ram6_clear__ = .
 *(.ram6_clear)
 *(.ram6_clear.*)
                0x00000000                . = ALIGN (0x4)
                0x00000000                __ram6_noinit__ = .
 *(.ram6)
 *(.ram6.*)
                0x00000000                . = ALIGN (0x4)
                0x00000000                __ram6_free__ = .

.ram7_init      0x00000000        0x0 load address 0x08005cac
                0x00000000                . = ALIGN (0x4)
                0x08005cac                __ram7_init_text__ = LOADADDR (.ram7_init)
                0x00000000                __ram7_init__ = .
 *(.ram7_init)
 *(.ram7_init.*)
                0x00000000                . = ALIGN (0x4)

.ram7           0x00000000        0x0 load address 0x08005cac
                0x00000000                . = ALIGN (0x4)
                0x00000000                __ram7_clear__ = .
 *(.ram7_clear)
 *(.ram7_clear.*)
                0x00000000                . = ALIGN (0x4)
                0x00000000                __ram7_noinit__ = .
 *(.ram7)
 *(.ram7.*)
                0x00000000                . = ALIGN (0x4)
                0x00000000                __ram7_free__ = .

.heap           0x200018e4    0x1271c
                0x200018e8                . = ALIGN (0x8)
 *fill*         0x200018e4        0x4 
                0x200018e8                __heap_base__ = .
                0x20014000                . = (ORIGIN (HEAP_RAM) + 0x14000)
 *fill*         0x200018e8    0x12718 
                0x20014000                __heap_end__ = .
                0x00000400                __process_stack_size__ = 0x400
                0x00000400                __main_stack_size__ = 0x400
LOAD /usr/lib/gcc/arm-none-eabi/4.9.3/../../../arm-none-eabi/lib/armv7-m/libm.a
START GROUP
LOAD /usr/lib/gcc/arm-none-eabi/4.9.3/armv7-m/libgcc.a
LOAD /usr/lib/gcc/arm-none-eabi/4.9.3/../../../arm-none-eabi/lib/armv7-m/libg.a
LOAD /usr/lib/gcc/arm-none-eabi/4.9.3/../../../arm-none-eabi/lib/armv7-m/libc.a
END GROUP
OUTPUT(build/ch.elf elf32-littlearm)

.ARM.attributes
                0x00000000       0x2f
 .ARM.attributes
                0x00000000       0x21 build/obj/crt0_v7m.o
 .ARM.attributes
                0x00000021       0x21 build/obj/chcoreasm_v7m.o
 .ARM.attributes
                0x00000042       0x33 build/obj/crt1.o
 .ARM.attributes
                0x00000075       0x33 build/obj/vectors.o
 .ARM.attributes
                0x000000a8       0x33 build/obj/chsys.o
 .ARM.attributes
                0x000000db       0x33 build/obj/chvt.o
 .ARM.attributes
                0x0000010e       0x33 build/obj/chschd.o
 .ARM.attributes
                0x00000141       0x33 build/obj/chthreads.o
 .ARM.attributes
                0x00000174       0x33 build/obj/chtm.o
 .ARM.attributes
                0x000001a7       0x33 build/obj/chregistry.o
 .ARM.attributes
                0x000001da       0x33 build/obj/chmtx.o
 .ARM.attributes
                0x0000020d       0x33 build/obj/chevents.o
 .ARM.attributes
                0x00000240       0x33 build/obj/chmsg.o
 .ARM.attributes
                0x00000273       0x33 build/obj/chqueues.o
 .ARM.attributes
                0x000002a6       0x33 build/obj/chmemcore.o
 .ARM.attributes
                0x000002d9       0x33 build/obj/chheap.o
 .ARM.attributes
                0x0000030c       0x33 build/obj/chcore_v7m.o
 .ARM.attributes
                0x0000033f       0x33 build/obj/hal.o
 .ARM.attributes
                0x00000372       0x33 build/obj/st.o
 .ARM.attributes
                0x000003a5       0x33 build/obj/adc.o
 .ARM.attributes
                0x000003d8       0x33 build/obj/i2c.o
 .ARM.attributes
                0x0000040b       0x33 build/obj/icu.o
 .ARM.attributes
                0x0000043e       0x33 build/obj/pwm.o
 .ARM.attributes
                0x00000471       0x33 build/obj/serial.o
 .ARM.attributes
                0x000004a4       0x33 build/obj/nvic.o
 .ARM.attributes
                0x000004d7       0x33 build/obj/hal_lld.o
 .ARM.attributes
                0x0000050a       0x33 build/obj/stm32_dma.o
 .ARM.attributes
                0x0000053d       0x33 build/obj/st_lld.o
 .ARM.attributes
                0x00000570       0x33 build/obj/adc_lld.o
 .ARM.attributes
                0x000005a3       0x33 build/obj/pal_lld.o
 .ARM.attributes
                0x000005d6       0x33 build/obj/i2c_lld.o
 .ARM.attributes
                0x00000609       0x33 build/obj/icu_lld.o
 .ARM.attributes
                0x0000063c       0x33 build/obj/pwm_lld.o
 .ARM.attributes
                0x0000066f       0x33 build/obj/serial_lld.o
 .ARM.attributes
                0x000006a2       0x33 build/obj/board.o
 .ARM.attributes
                0x000006d5       0x33 build/obj/config.o
 .ARM.attributes
                0x00000708       0x33 build/obj/motor.o
 .ARM.attributes
                0x0000073b       0x33 build/obj/compass.o
 .ARM.attributes
                0x0000076e       0x33 build/obj/lines.o
 .ARM.attributes
                0x000007a1       0x33 build/obj/camera.o
 .ARM.attributes
                0x000007d4       0x33 build/obj/kicker.o
 .ARM.attributes
                0x00000807       0x33 build/obj/main.o
 .ARM.attributes
                0x0000083a       0x2d /usr/lib/gcc/arm-none-eabi/4.9.3/../../../arm-none-eabi/lib/armv7-m/libm.a(lib_a-s_sin.o)
 .ARM.attributes
                0x00000867       0x2d /usr/lib/gcc/arm-none-eabi/4.9.3/../../../arm-none-eabi/lib/armv7-m/libm.a(lib_a-w_atan2.o)
 .ARM.attributes
                0x00000894       0x2d /usr/lib/gcc/arm-none-eabi/4.9.3/../../../arm-none-eabi/lib/armv7-m/libm.a(lib_a-e_atan2.o)
 .ARM.attributes
                0x000008c1       0x2d /usr/lib/gcc/arm-none-eabi/4.9.3/../../../arm-none-eabi/lib/armv7-m/libm.a(lib_a-e_rem_pio2.o)
 .ARM.attributes
                0x000008ee       0x2d /usr/lib/gcc/arm-none-eabi/4.9.3/../../../arm-none-eabi/lib/armv7-m/libm.a(lib_a-k_cos.o)
 .ARM.attributes
                0x0000091b       0x2d /usr/lib/gcc/arm-none-eabi/4.9.3/../../../arm-none-eabi/lib/armv7-m/libm.a(lib_a-k_rem_pio2.o)
 .ARM.attributes
                0x00000948       0x2d /usr/lib/gcc/arm-none-eabi/4.9.3/../../../arm-none-eabi/lib/armv7-m/libm.a(lib_a-k_sin.o)
 .ARM.attributes
                0x00000975       0x2d /usr/lib/gcc/arm-none-eabi/4.9.3/../../../arm-none-eabi/lib/armv7-m/libm.a(lib_a-s_atan.o)
 .ARM.attributes
                0x000009a2       0x2d /usr/lib/gcc/arm-none-eabi/4.9.3/../../../arm-none-eabi/lib/armv7-m/libm.a(lib_a-s_fabs.o)
 .ARM.attributes
                0x000009cf       0x2d /usr/lib/gcc/arm-none-eabi/4.9.3/../../../arm-none-eabi/lib/armv7-m/libm.a(lib_a-s_floor.o)
 .ARM.attributes
                0x000009fc       0x2d /usr/lib/gcc/arm-none-eabi/4.9.3/../../../arm-none-eabi/lib/armv7-m/libm.a(lib_a-s_scalbn.o)
 .ARM.attributes
                0x00000a29       0x2d /usr/lib/gcc/arm-none-eabi/4.9.3/../../../arm-none-eabi/lib/armv7-m/libm.a(lib_a-s_copysign.o)
 .ARM.attributes
                0x00000a56       0x1d /usr/lib/gcc/arm-none-eabi/4.9.3/armv7-m/libgcc.a(_arm_addsubdf3.o)
 .ARM.attributes
                0x00000a73       0x1d /usr/lib/gcc/arm-none-eabi/4.9.3/armv7-m/libgcc.a(_arm_muldivdf3.o)
 .ARM.attributes
                0x00000a90       0x1d /usr/lib/gcc/arm-none-eabi/4.9.3/armv7-m/libgcc.a(_arm_cmpdf2.o)
 .ARM.attributes
                0x00000aad       0x1d /usr/lib/gcc/arm-none-eabi/4.9.3/armv7-m/libgcc.a(_arm_fixdfsi.o)

.comment        0x00000000       0x58
 .comment       0x00000000       0x38 build/obj/crt1.o
                                 0x39 (size before relaxing)
 .comment       0x00000038       0x39 build/obj/vectors.o
 .comment       0x00000038       0x39 build/obj/chsys.o
 .comment       0x00000038       0x39 build/obj/chvt.o
 .comment       0x00000038       0x39 build/obj/chschd.o
 .comment       0x00000038       0x39 build/obj/chthreads.o
 .comment       0x00000038       0x39 build/obj/chtm.o
 .comment       0x00000038       0x39 build/obj/chregistry.o
 .comment       0x00000038       0x39 build/obj/chmtx.o
 .comment       0x00000038       0x39 build/obj/chevents.o
 .comment       0x00000038       0x39 build/obj/chmsg.o
 .comment       0x00000038       0x39 build/obj/chqueues.o
 .comment       0x00000038       0x39 build/obj/chmemcore.o
 .comment       0x00000038       0x39 build/obj/chheap.o
 .comment       0x00000038       0x39 build/obj/chcore_v7m.o
 .comment       0x00000038       0x39 build/obj/hal.o
 .comment       0x00000038       0x39 build/obj/st.o
 .comment       0x00000038       0x39 build/obj/adc.o
 .comment       0x00000038       0x39 build/obj/i2c.o
 .comment       0x00000038       0x39 build/obj/icu.o
 .comment       0x00000038       0x39 build/obj/pwm.o
 .comment       0x00000038       0x39 build/obj/serial.o
 .comment       0x00000038       0x39 build/obj/nvic.o
 .comment       0x00000038       0x39 build/obj/hal_lld.o
 .comment       0x00000038       0x39 build/obj/stm32_dma.o
 .comment       0x00000038       0x39 build/obj/st_lld.o
 .comment       0x00000038       0x39 build/obj/adc_lld.o
 .comment       0x00000038       0x39 build/obj/pal_lld.o
 .comment       0x00000038       0x39 build/obj/i2c_lld.o
 .comment       0x00000038       0x39 build/obj/icu_lld.o
 .comment       0x00000038       0x39 build/obj/pwm_lld.o
 .comment       0x00000038       0x39 build/obj/serial_lld.o
 .comment       0x00000038       0x39 build/obj/board.o
 .comment       0x00000038       0x39 build/obj/config.o
 .comment       0x00000038       0x39 build/obj/motor.o
 .comment       0x00000038       0x39 build/obj/compass.o
 .comment       0x00000038       0x39 build/obj/lines.o
 .comment       0x00000038       0x39 build/obj/camera.o
 .comment       0x00000038       0x39 build/obj/kicker.o
 .comment       0x00000038       0x39 build/obj/main.o
 .comment       0x00000038       0x20 /usr/lib/gcc/arm-none-eabi/4.9.3/../../../arm-none-eabi/lib/armv7-m/libm.a(lib_a-s_sin.o)
                                 0x21 (size before relaxing)
 .comment       0x00000058       0x21 /usr/lib/gcc/arm-none-eabi/4.9.3/../../../arm-none-eabi/lib/armv7-m/libm.a(lib_a-w_atan2.o)
 .comment       0x00000058       0x21 /usr/lib/gcc/arm-none-eabi/4.9.3/../../../arm-none-eabi/lib/armv7-m/libm.a(lib_a-e_atan2.o)
 .comment       0x00000058       0x21 /usr/lib/gcc/arm-none-eabi/4.9.3/../../../arm-none-eabi/lib/armv7-m/libm.a(lib_a-e_rem_pio2.o)
 .comment       0x00000058       0x21 /usr/lib/gcc/arm-none-eabi/4.9.3/../../../arm-none-eabi/lib/armv7-m/libm.a(lib_a-k_cos.o)
 .comment       0x00000058       0x21 /usr/lib/gcc/arm-none-eabi/4.9.3/../../../arm-none-eabi/lib/armv7-m/libm.a(lib_a-k_rem_pio2.o)
 .comment       0x00000058       0x21 /usr/lib/gcc/arm-none-eabi/4.9.3/../../../arm-none-eabi/lib/armv7-m/libm.a(lib_a-k_sin.o)
 .comment       0x00000058       0x21 /usr/lib/gcc/arm-none-eabi/4.9.3/../../../arm-none-eabi/lib/armv7-m/libm.a(lib_a-s_atan.o)
 .comment       0x00000058       0x21 /usr/lib/gcc/arm-none-eabi/4.9.3/../../../arm-none-eabi/lib/armv7-m/libm.a(lib_a-s_fabs.o)
 .comment       0x00000058       0x21 /usr/lib/gcc/arm-none-eabi/4.9.3/../../../arm-none-eabi/lib/armv7-m/libm.a(lib_a-s_floor.o)
 .comment       0x00000058       0x21 /usr/lib/gcc/arm-none-eabi/4.9.3/../../../arm-none-eabi/lib/armv7-m/libm.a(lib_a-s_scalbn.o)
 .comment       0x00000058       0x21 /usr/lib/gcc/arm-none-eabi/4.9.3/../../../arm-none-eabi/lib/armv7-m/libm.a(lib_a-s_copysign.o)

.debug_info     0x00000000    0x25eaa
 .debug_info    0x00000000      0x315 build/obj/crt1.o
 .debug_info    0x00000315      0x1e3 build/obj/vectors.o
 .debug_info    0x000004f8     0x16ee build/obj/chsys.o
 .debug_info    0x00001be6      0x729 build/obj/chvt.o
 .debug_info    0x0000230f      0xdbb build/obj/chschd.o
 .debug_info    0x000030ca     0x1a87 build/obj/chthreads.o
 .debug_info    0x00004b51      0x9d6 build/obj/chtm.o
 .debug_info    0x00005527      0x982 build/obj/chregistry.o
 .debug_info    0x00005ea9     0x1009 build/obj/chmtx.o
 .debug_info    0x00006eb2     0x15c3 build/obj/chevents.o
 .debug_info    0x00008475      0xac1 build/obj/chmsg.o
 .debug_info    0x00008f36     0x1195 build/obj/chqueues.o
 .debug_info    0x0000a0cb      0x871 build/obj/chmemcore.o
 .debug_info    0x0000a93c      0x9d5 build/obj/chheap.o
 .debug_info    0x0000b311      0xa6e build/obj/chcore_v7m.o
 .debug_info    0x0000bd7f      0x81d build/obj/hal.o
 .debug_info    0x0000c59c      0x90f build/obj/st.o
 .debug_info    0x0000ceab     0x153b build/obj/adc.o
 .debug_info    0x0000e3e6     0x1163 build/obj/i2c.o
 .debug_info    0x0000f549     0x115d build/obj/icu.o
 .debug_info    0x000106a6     0x13d0 build/obj/pwm.o
 .debug_info    0x00011a76     0x1721 build/obj/serial.o
 .debug_info    0x00013197      0x9e7 build/obj/nvic.o
 .debug_info    0x00013b7e      0x8fe build/obj/hal_lld.o
 .debug_info    0x0001447c      0xdde build/obj/stm32_dma.o
 .debug_info    0x0001525a      0x856 build/obj/st_lld.o
 .debug_info    0x00015ab0     0x1385 build/obj/adc_lld.o
 .debug_info    0x00016e35      0xc93 build/obj/pal_lld.o
 .debug_info    0x00017ac8     0x1d2b build/obj/i2c_lld.o
 .debug_info    0x000197f3     0x1000 build/obj/icu_lld.o
 .debug_info    0x0001a7f3      0xe0d build/obj/pwm_lld.o
 .debug_info    0x0001b600     0x1734 build/obj/serial_lld.o
 .debug_info    0x0001cd34      0x7a5 build/obj/board.o
 .debug_info    0x0001d4d9     0x19cc build/obj/config.o
 .debug_info    0x0001eea5      0xf1f build/obj/motor.o
 .debug_info    0x0001fdc4      0xdea build/obj/compass.o
 .debug_info    0x00020bae     0x105b build/obj/lines.o
 .debug_info    0x00021c09      0xee5 build/obj/camera.o
 .debug_info    0x00022aee      0x7c9 build/obj/kicker.o
 .debug_info    0x000232b7      0xf76 build/obj/main.o
 .debug_info    0x0002422d      0x1bb /usr/lib/gcc/arm-none-eabi/4.9.3/../../../arm-none-eabi/lib/armv7-m/libm.a(lib_a-s_sin.o)
 .debug_info    0x000243e8       0xff /usr/lib/gcc/arm-none-eabi/4.9.3/../../../arm-none-eabi/lib/armv7-m/libm.a(lib_a-w_atan2.o)
 .debug_info    0x000244e7      0x2c6 /usr/lib/gcc/arm-none-eabi/4.9.3/../../../arm-none-eabi/lib/armv7-m/libm.a(lib_a-e_atan2.o)
 .debug_info    0x000247ad      0x3fc /usr/lib/gcc/arm-none-eabi/4.9.3/../../../arm-none-eabi/lib/armv7-m/libm.a(lib_a-e_rem_pio2.o)
 .debug_info    0x00024ba9      0x220 /usr/lib/gcc/arm-none-eabi/4.9.3/../../../arm-none-eabi/lib/armv7-m/libm.a(lib_a-k_cos.o)
 .debug_info    0x00024dc9      0x370 /usr/lib/gcc/arm-none-eabi/4.9.3/../../../arm-none-eabi/lib/armv7-m/libm.a(lib_a-k_rem_pio2.o)
 .debug_info    0x00025139      0x198 /usr/lib/gcc/arm-none-eabi/4.9.3/../../../arm-none-eabi/lib/armv7-m/libm.a(lib_a-k_sin.o)
 .debug_info    0x000252d1      0x250 /usr/lib/gcc/arm-none-eabi/4.9.3/../../../arm-none-eabi/lib/armv7-m/libm.a(lib_a-s_atan.o)
 .debug_info    0x00025521      0x136 /usr/lib/gcc/arm-none-eabi/4.9.3/../../../arm-none-eabi/lib/armv7-m/libm.a(lib_a-s_fabs.o)
 .debug_info    0x00025657      0x1ad /usr/lib/gcc/arm-none-eabi/4.9.3/../../../arm-none-eabi/lib/armv7-m/libm.a(lib_a-s_floor.o)
 .debug_info    0x00025804      0x26d /usr/lib/gcc/arm-none-eabi/4.9.3/../../../arm-none-eabi/lib/armv7-m/libm.a(lib_a-s_scalbn.o)
 .debug_info    0x00025a71      0x151 /usr/lib/gcc/arm-none-eabi/4.9.3/../../../arm-none-eabi/lib/armv7-m/libm.a(lib_a-s_copysign.o)
 .debug_info    0x00025bc2       0xba /usr/lib/gcc/arm-none-eabi/4.9.3/armv7-m/libgcc.a(_arm_addsubdf3.o)
 .debug_info    0x00025c7c       0xba /usr/lib/gcc/arm-none-eabi/4.9.3/armv7-m/libgcc.a(_arm_muldivdf3.o)
 .debug_info    0x00025d36       0xba /usr/lib/gcc/arm-none-eabi/4.9.3/armv7-m/libgcc.a(_arm_cmpdf2.o)
 .debug_info    0x00025df0       0xba /usr/lib/gcc/arm-none-eabi/4.9.3/armv7-m/libgcc.a(_arm_fixdfsi.o)

.debug_abbrev   0x00000000     0x7ce8
 .debug_abbrev  0x00000000       0xf5 build/obj/crt1.o
 .debug_abbrev  0x000000f5       0xc5 build/obj/vectors.o
 .debug_abbrev  0x000001ba      0x4eb build/obj/chsys.o
 .debug_abbrev  0x000006a5      0x1af build/obj/chvt.o
 .debug_abbrev  0x00000854      0x3e5 build/obj/chschd.o
 .debug_abbrev  0x00000c39      0x473 build/obj/chthreads.o
 .debug_abbrev  0x000010ac      0x275 build/obj/chtm.o
 .debug_abbrev  0x00001321      0x24c build/obj/chregistry.o
 .debug_abbrev  0x0000156d      0x3d0 build/obj/chmtx.o
 .debug_abbrev  0x0000193d      0x3b6 build/obj/chevents.o
 .debug_abbrev  0x00001cf3      0x31d build/obj/chmsg.o
 .debug_abbrev  0x00002010      0x3b7 build/obj/chqueues.o
 .debug_abbrev  0x000023c7      0x280 build/obj/chmemcore.o
 .debug_abbrev  0x00002647      0x290 build/obj/chheap.o
 .debug_abbrev  0x000028d7      0x228 build/obj/chcore_v7m.o
 .debug_abbrev  0x00002aff      0x1b8 build/obj/hal.o
 .debug_abbrev  0x00002cb7      0x215 build/obj/st.o
 .debug_abbrev  0x00002ecc      0x391 build/obj/adc.o
 .debug_abbrev  0x0000325d      0x343 build/obj/i2c.o
 .debug_abbrev  0x000035a0      0x2db build/obj/icu.o
 .debug_abbrev  0x0000387b      0x2d7 build/obj/pwm.o
 .debug_abbrev  0x00003b52      0x405 build/obj/serial.o
 .debug_abbrev  0x00003f57      0x1b8 build/obj/nvic.o
 .debug_abbrev  0x0000410f      0x1c1 build/obj/hal_lld.o
 .debug_abbrev  0x000042d0      0x260 build/obj/stm32_dma.o
 .debug_abbrev  0x00004530      0x220 build/obj/st_lld.o
 .debug_abbrev  0x00004750      0x385 build/obj/adc_lld.o
 .debug_abbrev  0x00004ad5      0x20a build/obj/pal_lld.o
 .debug_abbrev  0x00004cdf      0x40c build/obj/i2c_lld.o
 .debug_abbrev  0x000050eb      0x395 build/obj/icu_lld.o
 .debug_abbrev  0x00005480      0x272 build/obj/pwm_lld.o
 .debug_abbrev  0x000056f2      0x3f9 build/obj/serial_lld.o
 .debug_abbrev  0x00005aeb      0x1a5 build/obj/board.o
 .debug_abbrev  0x00005c90      0x22f build/obj/config.o
 .debug_abbrev  0x00005ebf      0x2f3 build/obj/motor.o
 .debug_abbrev  0x000061b2      0x306 build/obj/compass.o
 .debug_abbrev  0x000064b8      0x339 build/obj/lines.o
 .debug_abbrev  0x000067f1      0x30b build/obj/camera.o
 .debug_abbrev  0x00006afc      0x19f build/obj/kicker.o
 .debug_abbrev  0x00006c9b      0x36f build/obj/main.o
 .debug_abbrev  0x0000700a      0x108 /usr/lib/gcc/arm-none-eabi/4.9.3/../../../arm-none-eabi/lib/armv7-m/libm.a(lib_a-s_sin.o)
 .debug_abbrev  0x00007112       0x89 /usr/lib/gcc/arm-none-eabi/4.9.3/../../../arm-none-eabi/lib/armv7-m/libm.a(lib_a-w_atan2.o)
 .debug_abbrev  0x0000719b      0x15e /usr/lib/gcc/arm-none-eabi/4.9.3/../../../arm-none-eabi/lib/armv7-m/libm.a(lib_a-e_atan2.o)
 .debug_abbrev  0x000072f9      0x193 /usr/lib/gcc/arm-none-eabi/4.9.3/../../../arm-none-eabi/lib/armv7-m/libm.a(lib_a-e_rem_pio2.o)
 .debug_abbrev  0x0000748c       0xe2 /usr/lib/gcc/arm-none-eabi/4.9.3/../../../arm-none-eabi/lib/armv7-m/libm.a(lib_a-k_cos.o)
 .debug_abbrev  0x0000756e      0x158 /usr/lib/gcc/arm-none-eabi/4.9.3/../../../arm-none-eabi/lib/armv7-m/libm.a(lib_a-k_rem_pio2.o)
 .debug_abbrev  0x000076c6       0xa3 /usr/lib/gcc/arm-none-eabi/4.9.3/../../../arm-none-eabi/lib/armv7-m/libm.a(lib_a-k_sin.o)
 .debug_abbrev  0x00007769      0x15e /usr/lib/gcc/arm-none-eabi/4.9.3/../../../arm-none-eabi/lib/armv7-m/libm.a(lib_a-s_atan.o)
 .debug_abbrev  0x000078c7       0xc8 /usr/lib/gcc/arm-none-eabi/4.9.3/../../../arm-none-eabi/lib/armv7-m/libm.a(lib_a-s_fabs.o)
 .debug_abbrev  0x0000798f       0xeb /usr/lib/gcc/arm-none-eabi/4.9.3/../../../arm-none-eabi/lib/armv7-m/libm.a(lib_a-s_floor.o)
 .debug_abbrev  0x00007a7a      0x138 /usr/lib/gcc/arm-none-eabi/4.9.3/../../../arm-none-eabi/lib/armv7-m/libm.a(lib_a-s_scalbn.o)
 .debug_abbrev  0x00007bb2       0xe6 /usr/lib/gcc/arm-none-eabi/4.9.3/../../../arm-none-eabi/lib/armv7-m/libm.a(lib_a-s_copysign.o)
 .debug_abbrev  0x00007c98       0x14 /usr/lib/gcc/arm-none-eabi/4.9.3/armv7-m/libgcc.a(_arm_addsubdf3.o)
 .debug_abbrev  0x00007cac       0x14 /usr/lib/gcc/arm-none-eabi/4.9.3/armv7-m/libgcc.a(_arm_muldivdf3.o)
 .debug_abbrev  0x00007cc0       0x14 /usr/lib/gcc/arm-none-eabi/4.9.3/armv7-m/libgcc.a(_arm_cmpdf2.o)
 .debug_abbrev  0x00007cd4       0x14 /usr/lib/gcc/arm-none-eabi/4.9.3/armv7-m/libgcc.a(_arm_fixdfsi.o)

.debug_loc      0x00000000     0x8acb
 .debug_loc     0x00000000       0x84 build/obj/crt1.o
 .debug_loc     0x00000084      0x2d9 build/obj/chsys.o
 .debug_loc     0x0000035d       0xdc build/obj/chvt.o
 .debug_loc     0x00000439      0x355 build/obj/chschd.o
 .debug_loc     0x0000078e      0xaab build/obj/chthreads.o
 .debug_loc     0x00001239       0xa1 build/obj/chtm.o
 .debug_loc     0x000012da       0x3f build/obj/chregistry.o
 .debug_loc     0x00001319      0x5f7 build/obj/chmtx.o
 .debug_loc     0x00001910      0x61d build/obj/chevents.o
 .debug_loc     0x00001f2d      0x16d build/obj/chmsg.o
 .debug_loc     0x0000209a      0x465 build/obj/chqueues.o
 .debug_loc     0x000024ff       0xb0 build/obj/chmemcore.o
 .debug_loc     0x000025af      0x387 build/obj/chheap.o
 .debug_loc     0x00002936       0xc1 build/obj/chcore_v7m.o
 .debug_loc     0x000029f7      0x4e5 build/obj/adc.o
 .debug_loc     0x00002edc      0x29a build/obj/i2c.o
 .debug_loc     0x00003176       0xf9 build/obj/icu.o
 .debug_loc     0x0000326f      0x1c8 build/obj/pwm.o
 .debug_loc     0x00003437      0x6a2 build/obj/serial.o
 .debug_loc     0x00003ad9       0xff build/obj/nvic.o
 .debug_loc     0x00003bd8      0x26a build/obj/stm32_dma.o
 .debug_loc     0x00003e42      0x3fa build/obj/adc_lld.o
 .debug_loc     0x0000423c      0x217 build/obj/pal_lld.o
 .debug_loc     0x00004453      0x9eb build/obj/i2c_lld.o
 .debug_loc     0x00004e3e      0x342 build/obj/icu_lld.o
 .debug_loc     0x00005180      0x24c build/obj/pwm_lld.o
 .debug_loc     0x000053cc      0x500 build/obj/serial_lld.o
 .debug_loc     0x000058cc      0x444 build/obj/motor.o
 .debug_loc     0x00005d10      0x118 build/obj/compass.o
 .debug_loc     0x00005e28      0x27e build/obj/lines.o
 .debug_loc     0x000060a6      0x1e8 build/obj/camera.o
 .debug_loc     0x0000628e      0x5e2 build/obj/main.o
 .debug_loc     0x00006870       0x7b /usr/lib/gcc/arm-none-eabi/4.9.3/../../../arm-none-eabi/lib/armv7-m/libm.a(lib_a-s_sin.o)
 .debug_loc     0x000068eb       0x50 /usr/lib/gcc/arm-none-eabi/4.9.3/../../../arm-none-eabi/lib/armv7-m/libm.a(lib_a-w_atan2.o)
 .debug_loc     0x0000693b      0x5fd /usr/lib/gcc/arm-none-eabi/4.9.3/../../../arm-none-eabi/lib/armv7-m/libm.a(lib_a-e_atan2.o)
 .debug_loc     0x00006f38      0x643 /usr/lib/gcc/arm-none-eabi/4.9.3/../../../arm-none-eabi/lib/armv7-m/libm.a(lib_a-e_rem_pio2.o)
 .debug_loc     0x0000757b      0x227 /usr/lib/gcc/arm-none-eabi/4.9.3/../../../arm-none-eabi/lib/armv7-m/libm.a(lib_a-k_cos.o)
 .debug_loc     0x000077a2      0x9e9 /usr/lib/gcc/arm-none-eabi/4.9.3/../../../arm-none-eabi/lib/armv7-m/libm.a(lib_a-k_rem_pio2.o)
 .debug_loc     0x0000818b       0xfc /usr/lib/gcc/arm-none-eabi/4.9.3/../../../arm-none-eabi/lib/armv7-m/libm.a(lib_a-k_sin.o)
 .debug_loc     0x00008287      0x305 /usr/lib/gcc/arm-none-eabi/4.9.3/../../../arm-none-eabi/lib/armv7-m/libm.a(lib_a-s_atan.o)
 .debug_loc     0x0000858c       0x18 /usr/lib/gcc/arm-none-eabi/4.9.3/../../../arm-none-eabi/lib/armv7-m/libm.a(lib_a-s_fabs.o)
 .debug_loc     0x000085a4      0x277 /usr/lib/gcc/arm-none-eabi/4.9.3/../../../arm-none-eabi/lib/armv7-m/libm.a(lib_a-s_floor.o)
 .debug_loc     0x0000881b      0x25d /usr/lib/gcc/arm-none-eabi/4.9.3/../../../arm-none-eabi/lib/armv7-m/libm.a(lib_a-s_scalbn.o)
 .debug_loc     0x00008a78       0x53 /usr/lib/gcc/arm-none-eabi/4.9.3/../../../arm-none-eabi/lib/armv7-m/libm.a(lib_a-s_copysign.o)

.debug_aranges  0x00000000      0xf48
 .debug_aranges
                0x00000000       0x40 build/obj/crt1.o
 .debug_aranges
                0x00000040       0x20 build/obj/vectors.o
 .debug_aranges
                0x00000060       0x60 build/obj/chsys.o
 .debug_aranges
                0x000000c0       0x30 build/obj/chvt.o
 .debug_aranges
                0x000000f0       0x70 build/obj/chschd.o
 .debug_aranges
                0x00000160       0xc0 build/obj/chthreads.o
 .debug_aranges
                0x00000220       0x40 build/obj/chtm.o
 .debug_aranges
                0x00000260       0x28 build/obj/chregistry.o
 .debug_aranges
                0x00000288       0x58 build/obj/chmtx.o
 .debug_aranges
                0x000002e0       0xa0 build/obj/chevents.o
 .debug_aranges
                0x00000380       0x30 build/obj/chmsg.o
 .debug_aranges
                0x000003b0       0x68 build/obj/chqueues.o
 .debug_aranges
                0x00000418       0x38 build/obj/chmemcore.o
 .debug_aranges
                0x00000450       0x40 build/obj/chheap.o
 .debug_aranges
                0x00000490       0x28 build/obj/chcore_v7m.o
 .debug_aranges
                0x000004b8       0x20 build/obj/hal.o
 .debug_aranges
                0x000004d8       0x40 build/obj/st.o
 .debug_aranges
                0x00000518       0x70 build/obj/adc.o
 .debug_aranges
                0x00000588       0x60 build/obj/i2c.o
 .debug_aranges
                0x000005e8       0x60 build/obj/icu.o
 .debug_aranges
                0x00000648       0x70 build/obj/pwm.o
 .debug_aranges
                0x000006b8       0x98 build/obj/serial.o
 .debug_aranges
                0x00000750       0x38 build/obj/nvic.o
 .debug_aranges
                0x00000788       0x28 build/obj/hal_lld.o
 .debug_aranges
                0x000007b0       0xb0 build/obj/stm32_dma.o
 .debug_aranges
                0x00000860       0x28 build/obj/st_lld.o
 .debug_aranges
                0x00000888       0x70 build/obj/adc_lld.o
 .debug_aranges
                0x000008f8       0x28 build/obj/pal_lld.o
 .debug_aranges
                0x00000920       0x60 build/obj/i2c_lld.o
 .debug_aranges
                0x00000980       0x80 build/obj/icu_lld.o
 .debug_aranges
                0x00000a00       0x70 build/obj/pwm_lld.o
 .debug_aranges
                0x00000a70       0x88 build/obj/serial_lld.o
 .debug_aranges
                0x00000af8       0x28 build/obj/board.o
 .debug_aranges
                0x00000b20       0x30 build/obj/config.o
 .debug_aranges
                0x00000b50       0x40 build/obj/motor.o
 .debug_aranges
                0x00000b90       0x40 build/obj/compass.o
 .debug_aranges
                0x00000bd0       0x50 build/obj/lines.o
 .debug_aranges
                0x00000c20       0x70 build/obj/camera.o
 .debug_aranges
                0x00000c90       0x30 build/obj/kicker.o
 .debug_aranges
                0x00000cc0       0x88 build/obj/main.o
 .debug_aranges
                0x00000d48       0x20 /usr/lib/gcc/arm-none-eabi/4.9.3/../../../arm-none-eabi/lib/armv7-m/libm.a(lib_a-s_sin.o)
 .debug_aranges
                0x00000d68       0x20 /usr/lib/gcc/arm-none-eabi/4.9.3/../../../arm-none-eabi/lib/armv7-m/libm.a(lib_a-w_atan2.o)
 .debug_aranges
                0x00000d88       0x20 /usr/lib/gcc/arm-none-eabi/4.9.3/../../../arm-none-eabi/lib/armv7-m/libm.a(lib_a-e_atan2.o)
 .debug_aranges
                0x00000da8       0x20 /usr/lib/gcc/arm-none-eabi/4.9.3/../../../arm-none-eabi/lib/armv7-m/libm.a(lib_a-e_rem_pio2.o)
 .debug_aranges
                0x00000dc8       0x20 /usr/lib/gcc/arm-none-eabi/4.9.3/../../../arm-none-eabi/lib/armv7-m/libm.a(lib_a-k_cos.o)
 .debug_aranges
                0x00000de8       0x20 /usr/lib/gcc/arm-none-eabi/4.9.3/../../../arm-none-eabi/lib/armv7-m/libm.a(lib_a-k_rem_pio2.o)
 .debug_aranges
                0x00000e08       0x20 /usr/lib/gcc/arm-none-eabi/4.9.3/../../../arm-none-eabi/lib/armv7-m/libm.a(lib_a-k_sin.o)
 .debug_aranges
                0x00000e28       0x20 /usr/lib/gcc/arm-none-eabi/4.9.3/../../../arm-none-eabi/lib/armv7-m/libm.a(lib_a-s_atan.o)
 .debug_aranges
                0x00000e48       0x20 /usr/lib/gcc/arm-none-eabi/4.9.3/../../../arm-none-eabi/lib/armv7-m/libm.a(lib_a-s_fabs.o)
 .debug_aranges
                0x00000e68       0x20 /usr/lib/gcc/arm-none-eabi/4.9.3/../../../arm-none-eabi/lib/armv7-m/libm.a(lib_a-s_floor.o)
 .debug_aranges
                0x00000e88       0x20 /usr/lib/gcc/arm-none-eabi/4.9.3/../../../arm-none-eabi/lib/armv7-m/libm.a(lib_a-s_scalbn.o)
 .debug_aranges
                0x00000ea8       0x20 /usr/lib/gcc/arm-none-eabi/4.9.3/../../../arm-none-eabi/lib/armv7-m/libm.a(lib_a-s_copysign.o)
 .debug_aranges
                0x00000ec8       0x20 /usr/lib/gcc/arm-none-eabi/4.9.3/armv7-m/libgcc.a(_arm_addsubdf3.o)
 .debug_aranges
                0x00000ee8       0x20 /usr/lib/gcc/arm-none-eabi/4.9.3/armv7-m/libgcc.a(_arm_muldivdf3.o)
 .debug_aranges
                0x00000f08       0x20 /usr/lib/gcc/arm-none-eabi/4.9.3/armv7-m/libgcc.a(_arm_cmpdf2.o)
 .debug_aranges
                0x00000f28       0x20 /usr/lib/gcc/arm-none-eabi/4.9.3/armv7-m/libgcc.a(_arm_fixdfsi.o)

.debug_ranges   0x00000000     0x1ac0
 .debug_ranges  0x00000000       0x30 build/obj/crt1.o
 .debug_ranges  0x00000030       0x10 build/obj/vectors.o
 .debug_ranges  0x00000040      0x190 build/obj/chsys.o
 .debug_ranges  0x000001d0       0x20 build/obj/chvt.o
 .debug_ranges  0x000001f0      0x198 build/obj/chschd.o
 .debug_ranges  0x00000388      0x290 build/obj/chthreads.o
 .debug_ranges  0x00000618       0xd0 build/obj/chtm.o
 .debug_ranges  0x000006e8       0x30 build/obj/chregistry.o
 .debug_ranges  0x00000718      0x1c8 build/obj/chmtx.o
 .debug_ranges  0x000008e0      0x108 build/obj/chevents.o
 .debug_ranges  0x000009e8       0x80 build/obj/chmsg.o
 .debug_ranges  0x00000a68      0x138 build/obj/chqueues.o
 .debug_ranges  0x00000ba0       0x28 build/obj/chmemcore.o
 .debug_ranges  0x00000bc8       0x30 build/obj/chheap.o
 .debug_ranges  0x00000bf8       0x18 build/obj/chcore_v7m.o
 .debug_ranges  0x00000c10       0x10 build/obj/hal.o
 .debug_ranges  0x00000c20       0x30 build/obj/st.o
 .debug_ranges  0x00000c50       0xc0 build/obj/adc.o
 .debug_ranges  0x00000d10       0x80 build/obj/i2c.o
 .debug_ranges  0x00000d90       0xe0 build/obj/icu.o
 .debug_ranges  0x00000e70       0xa8 build/obj/pwm.o
 .debug_ranges  0x00000f18      0x100 build/obj/serial.o
 .debug_ranges  0x00001018       0x28 build/obj/nvic.o
 .debug_ranges  0x00001040       0x38 build/obj/hal_lld.o
 .debug_ranges  0x00001078       0xa0 build/obj/stm32_dma.o
 .debug_ranges  0x00001118       0x18 build/obj/st_lld.o
 .debug_ranges  0x00001130       0x78 build/obj/adc_lld.o
 .debug_ranges  0x000011a8      0x150 build/obj/pal_lld.o
 .debug_ranges  0x000012f8      0x1c0 build/obj/i2c_lld.o
 .debug_ranges  0x000014b8       0x70 build/obj/icu_lld.o
 .debug_ranges  0x00001528       0x60 build/obj/pwm_lld.o
 .debug_ranges  0x00001588      0x120 build/obj/serial_lld.o
 .debug_ranges  0x000016a8       0x18 build/obj/board.o
 .debug_ranges  0x000016c0       0x20 build/obj/config.o
 .debug_ranges  0x000016e0       0x30 build/obj/motor.o
 .debug_ranges  0x00001710       0x48 build/obj/compass.o
 .debug_ranges  0x00001758       0x58 build/obj/lines.o
 .debug_ranges  0x000017b0       0x60 build/obj/camera.o
 .debug_ranges  0x00001810       0x20 build/obj/kicker.o
 .debug_ranges  0x00001830      0x160 build/obj/main.o
 .debug_ranges  0x00001990       0x10 /usr/lib/gcc/arm-none-eabi/4.9.3/../../../arm-none-eabi/lib/armv7-m/libm.a(lib_a-s_sin.o)
 .debug_ranges  0x000019a0       0x10 /usr/lib/gcc/arm-none-eabi/4.9.3/../../../arm-none-eabi/lib/armv7-m/libm.a(lib_a-w_atan2.o)
 .debug_ranges  0x000019b0       0x10 /usr/lib/gcc/arm-none-eabi/4.9.3/../../../arm-none-eabi/lib/armv7-m/libm.a(lib_a-e_atan2.o)
 .debug_ranges  0x000019c0       0x30 /usr/lib/gcc/arm-none-eabi/4.9.3/../../../arm-none-eabi/lib/armv7-m/libm.a(lib_a-e_rem_pio2.o)
 .debug_ranges  0x000019f0       0x10 /usr/lib/gcc/arm-none-eabi/4.9.3/../../../arm-none-eabi/lib/armv7-m/libm.a(lib_a-k_cos.o)
 .debug_ranges  0x00001a00       0x10 /usr/lib/gcc/arm-none-eabi/4.9.3/../../../arm-none-eabi/lib/armv7-m/libm.a(lib_a-k_rem_pio2.o)
 .debug_ranges  0x00001a10       0x10 /usr/lib/gcc/arm-none-eabi/4.9.3/../../../arm-none-eabi/lib/armv7-m/libm.a(lib_a-k_sin.o)
 .debug_ranges  0x00001a20       0x30 /usr/lib/gcc/arm-none-eabi/4.9.3/../../../arm-none-eabi/lib/armv7-m/libm.a(lib_a-s_atan.o)
 .debug_ranges  0x00001a50       0x10 /usr/lib/gcc/arm-none-eabi/4.9.3/../../../arm-none-eabi/lib/armv7-m/libm.a(lib_a-s_fabs.o)
 .debug_ranges  0x00001a60       0x28 /usr/lib/gcc/arm-none-eabi/4.9.3/../../../arm-none-eabi/lib/armv7-m/libm.a(lib_a-s_floor.o)
 .debug_ranges  0x00001a88       0x28 /usr/lib/gcc/arm-none-eabi/4.9.3/../../../arm-none-eabi/lib/armv7-m/libm.a(lib_a-s_scalbn.o)
 .debug_ranges  0x00001ab0       0x10 /usr/lib/gcc/arm-none-eabi/4.9.3/../../../arm-none-eabi/lib/armv7-m/libm.a(lib_a-s_copysign.o)

.debug_line     0x00000000     0xb08a
 .debug_line    0x00000000      0x15a build/obj/crt1.o
 .debug_line    0x0000015a      0x119 build/obj/vectors.o
 .debug_line    0x00000273      0x4ca build/obj/chsys.o
 .debug_line    0x0000073d      0x23c build/obj/chvt.o
 .debug_line    0x00000979      0x4a1 build/obj/chschd.o
 .debug_line    0x00000e1a      0x6ce build/obj/chthreads.o
 .debug_line    0x000014e8      0x2d0 build/obj/chtm.o
 .debug_line    0x000017b8      0x2ab build/obj/chregistry.o
 .debug_line    0x00001a63      0x478 build/obj/chmtx.o
 .debug_line    0x00001edb      0x50c build/obj/chevents.o
 .debug_line    0x000023e7      0x2c9 build/obj/chmsg.o
 .debug_line    0x000026b0      0x49a build/obj/chqueues.o
 .debug_line    0x00002b4a      0x296 build/obj/chmemcore.o
 .debug_line    0x00002de0      0x302 build/obj/chheap.o
 .debug_line    0x000030e2      0x22c build/obj/chcore_v7m.o
 .debug_line    0x0000330e      0x329 build/obj/hal.o
 .debug_line    0x00003637      0x297 build/obj/st.o
 .debug_line    0x000038ce      0x501 build/obj/adc.o
 .debug_line    0x00003dcf      0x485 build/obj/i2c.o
 .debug_line    0x00004254      0x40d build/obj/icu.o
 .debug_line    0x00004661      0x435 build/obj/pwm.o
 .debug_line    0x00004a96      0x505 build/obj/serial.o
 .debug_line    0x00004f9b      0x239 build/obj/nvic.o
 .debug_line    0x000051d4      0x33e build/obj/hal_lld.o
 .debug_line    0x00005512      0x4f2 build/obj/stm32_dma.o
 .debug_line    0x00005a04      0x2b8 build/obj/st_lld.o
 .debug_line    0x00005cbc      0x5cf build/obj/adc_lld.o
 .debug_line    0x0000628b      0x30b build/obj/pal_lld.o
 .debug_line    0x00006596      0x6f0 build/obj/i2c_lld.o
 .debug_line    0x00006c86      0x534 build/obj/icu_lld.o
 .debug_line    0x000071ba      0x46e build/obj/pwm_lld.o
 .debug_line    0x00007628      0x59e build/obj/serial_lld.o
 .debug_line    0x00007bc6      0x29a build/obj/board.o
 .debug_line    0x00007e60      0x476 build/obj/config.o
 .debug_line    0x000082d6      0x3cb build/obj/motor.o
 .debug_line    0x000086a1      0x371 build/obj/compass.o
 .debug_line    0x00008a12      0x418 build/obj/lines.o
 .debug_line    0x00008e2a      0x44b build/obj/camera.o
 .debug_line    0x00009275      0x236 build/obj/kicker.o
 .debug_line    0x000094ab      0x579 build/obj/main.o
 .debug_line    0x00009a24      0x16e /usr/lib/gcc/arm-none-eabi/4.9.3/../../../arm-none-eabi/lib/armv7-m/libm.a(lib_a-s_sin.o)
 .debug_line    0x00009b92       0xe4 /usr/lib/gcc/arm-none-eabi/4.9.3/../../../arm-none-eabi/lib/armv7-m/libm.a(lib_a-w_atan2.o)
 .debug_line    0x00009c76      0x1be /usr/lib/gcc/arm-none-eabi/4.9.3/../../../arm-none-eabi/lib/armv7-m/libm.a(lib_a-e_atan2.o)
 .debug_line    0x00009e34      0x1f8 /usr/lib/gcc/arm-none-eabi/4.9.3/../../../arm-none-eabi/lib/armv7-m/libm.a(lib_a-e_rem_pio2.o)
 .debug_line    0x0000a02c      0x121 /usr/lib/gcc/arm-none-eabi/4.9.3/../../../arm-none-eabi/lib/armv7-m/libm.a(lib_a-k_cos.o)
 .debug_line    0x0000a14d      0x31f /usr/lib/gcc/arm-none-eabi/4.9.3/../../../arm-none-eabi/lib/armv7-m/libm.a(lib_a-k_rem_pio2.o)
 .debug_line    0x0000a46c       0xdf /usr/lib/gcc/arm-none-eabi/4.9.3/../../../arm-none-eabi/lib/armv7-m/libm.a(lib_a-k_sin.o)
 .debug_line    0x0000a54b      0x1a6 /usr/lib/gcc/arm-none-eabi/4.9.3/../../../arm-none-eabi/lib/armv7-m/libm.a(lib_a-s_atan.o)
 .debug_line    0x0000a6f1      0x143 /usr/lib/gcc/arm-none-eabi/4.9.3/../../../arm-none-eabi/lib/armv7-m/libm.a(lib_a-s_fabs.o)
 .debug_line    0x0000a834      0x1b7 /usr/lib/gcc/arm-none-eabi/4.9.3/../../../arm-none-eabi/lib/armv7-m/libm.a(lib_a-s_floor.o)
 .debug_line    0x0000a9eb      0x145 /usr/lib/gcc/arm-none-eabi/4.9.3/../../../arm-none-eabi/lib/armv7-m/libm.a(lib_a-s_scalbn.o)
 .debug_line    0x0000ab30      0x11c /usr/lib/gcc/arm-none-eabi/4.9.3/../../../arm-none-eabi/lib/armv7-m/libm.a(lib_a-s_copysign.o)
 .debug_line    0x0000ac4c      0x176 /usr/lib/gcc/arm-none-eabi/4.9.3/armv7-m/libgcc.a(_arm_addsubdf3.o)
 .debug_line    0x0000adc2      0x19a /usr/lib/gcc/arm-none-eabi/4.9.3/armv7-m/libgcc.a(_arm_muldivdf3.o)
 .debug_line    0x0000af5c       0xb7 /usr/lib/gcc/arm-none-eabi/4.9.3/armv7-m/libgcc.a(_arm_cmpdf2.o)
 .debug_line    0x0000b013       0x77 /usr/lib/gcc/arm-none-eabi/4.9.3/armv7-m/libgcc.a(_arm_fixdfsi.o)

.debug_str      0x00000000     0x42ae
 .debug_str     0x00000000      0x3fa build/obj/crt1.o
                                0x453 (size before relaxing)
 .debug_str     0x000003fa      0x16c build/obj/vectors.o
                                0x2f0 (size before relaxing)
 .debug_str     0x00000566      0xdd2 build/obj/chsys.o
                                0xfac (size before relaxing)
 .debug_str     0x00001338       0x51 build/obj/chvt.o
                                0x550 (size before relaxing)
 .debug_str     0x00001389      0x14c build/obj/chschd.o
                                0x6fd (size before relaxing)
 .debug_str     0x000014d5      0x22c build/obj/chthreads.o
                                0x839 (size before relaxing)
 .debug_str     0x00001701       0xce build/obj/chtm.o
                                0x68e (size before relaxing)
 .debug_str     0x000017cf       0x53 build/obj/chregistry.o
                                0x69a (size before relaxing)
 .debug_str     0x00001822       0xbb build/obj/chmtx.o
                                0x65e (size before relaxing)
 .debug_str     0x000018dd      0x202 build/obj/chevents.o
                                0x78b (size before relaxing)
 .debug_str     0x00001adf       0x6c build/obj/chmsg.o
                                0x5e8 (size before relaxing)
 .debug_str     0x00001b4b      0x184 build/obj/chqueues.o
                                0x716 (size before relaxing)
 .debug_str     0x00001ccf       0x85 build/obj/chmemcore.o
                                0x5cc (size before relaxing)
 .debug_str     0x00001d54       0xc7 build/obj/chheap.o
                                0x604 (size before relaxing)
 .debug_str     0x00001e1b       0x9a build/obj/chcore_v7m.o
                                0x658 (size before relaxing)
 .debug_str     0x00001eb5      0x124 build/obj/hal.o
                                0x611 (size before relaxing)
 .debug_str     0x00001fd9       0xf1 build/obj/st.o
                                0x5f3 (size before relaxing)
 .debug_str     0x000020ca      0x392 build/obj/adc.o
                                0x95b (size before relaxing)
 .debug_str     0x0000245c      0x294 build/obj/i2c.o
                                0x8da (size before relaxing)
 .debug_str     0x000026f0      0x254 build/obj/icu.o
                                0x80f (size before relaxing)
 .debug_str     0x00002944      0x284 build/obj/pwm.o
                                0x858 (size before relaxing)
 .debug_str     0x00002bc8      0x1a1 build/obj/serial.o
                                0x903 (size before relaxing)
 .debug_str     0x00002d69       0x8e build/obj/nvic.o
                                0x648 (size before relaxing)
 .debug_str     0x00002df7      0x169 build/obj/hal_lld.o